[0.579s] Invoking command in '/home/student/flight_ws/build/aircraft_design': PYTHONPATH=/home/student/flight_ws/build/aircraft_design/prefix_override:/usr/lib/python3/dist-packages/colcon_core/task/python/colcon_distutils_commands:/home/student/flight_ws/install/aircraft_design/lib/python3.10/site-packages:${PYTHONPATH} /usr/bin/python3 -W ignore:setup.py install is deprecated -W ignore:easy_install command is deprecated setup.py develop --editable --build-directory /home/student/flight_ws/build/aircraft_design/build --no-deps symlink_data
[0.738s] running develop
[0.832s] running egg_info
[0.833s] creating aircraft_design.egg-info
[0.833s] writing aircraft_design.egg-info/PKG-INFO
[0.833s] writing dependency_links to aircraft_design.egg-info/dependency_links.txt
[0.833s] writing entry points to aircraft_design.egg-info/entry_points.txt
[0.833s] writing requirements to aircraft_design.egg-info/requires.txt
[0.833s] writing top-level names to aircraft_design.egg-info/top_level.txt
[0.834s] writing manifest file 'aircraft_design.egg-info/SOURCES.txt'
[0.835s] reading manifest file 'aircraft_design.egg-info/SOURCES.txt'
[0.836s] writing manifest file 'aircraft_design.egg-info/SOURCES.txt'
[0.837s] running build_ext
[0.837s] Creating /home/student/flight_ws/install/aircraft_design/lib/python3.10/site-packages/aircraft-design.egg-link (link to .)
[0.838s] Installing csv_trajectory_player script to /home/student/flight_ws/install/aircraft_design/lib/aircraft_design
[0.838s] Installing dynamic1_pushback_planner script to /home/student/flight_ws/install/aircraft_design/lib/aircraft_design
[0.838s] Installing dynamic2_pushback_planner script to /home/student/flight_ws/install/aircraft_design/lib/aircraft_design
[0.838s] Installing dynamic_hangar_driver script to /home/student/flight_ws/install/aircraft_design/lib/aircraft_design
[0.839s] Installing dynamic_pushback_planner script to /home/student/flight_ws/install/aircraft_design/lib/aircraft_design
[0.839s] Installing hangar_dynamic_planner script to /home/student/flight_ws/install/aircraft_design/lib/aircraft_design
[0.839s] Installing hangar_map_publisher script to /home/student/flight_ws/install/aircraft_design/lib/aircraft_design
[0.839s] Installing path_publisher script to /home/student/flight_ws/install/aircraft_design/lib/aircraft_design
[0.839s] Installing simulation_inputs script to /home/student/flight_ws/install/aircraft_design/lib/aircraft_design
[0.840s] Installing swept_path_mapper script to /home/student/flight_ws/install/aircraft_design/lib/aircraft_design
[0.840s] Installing trajectory_player script to /home/student/flight_ws/install/aircraft_design/lib/aircraft_design
[0.840s] Installing tug_trajectory_player script to /home/student/flight_ws/install/aircraft_design/lib/aircraft_design
[0.840s] 
[0.840s] Installed /home/student/flight_ws/build/aircraft_design
[0.840s] running symlink_data
[0.840s] creating /home/student/flight_ws/install/aircraft_design/share/ament_index
[0.840s] creating /home/student/flight_ws/install/aircraft_design/share/ament_index/resource_index
[0.840s] creating /home/student/flight_ws/install/aircraft_design/share/ament_index/resource_index/packages
[0.840s] symbolically linking /home/student/flight_ws/build/aircraft_design/resource/aircraft_design -> /home/student/flight_ws/install/aircraft_design/share/ament_index/resource_index/packages
[0.843s] symbolically linking /home/student/flight_ws/build/aircraft_design/package.xml -> /home/student/flight_ws/install/aircraft_design/share/aircraft_design
[0.844s] creating /home/student/flight_ws/install/aircraft_design/share/aircraft_design/launch
[0.844s] symbolically linking /home/student/flight_ws/build/aircraft_design/launch/hangar_tug_simulation.launch.py -> /home/student/flight_ws/install/aircraft_design/share/aircraft_design/launch
[0.844s] symbolically linking /home/student/flight_ws/build/aircraft_design/launch/display_tug.launch.py -> /home/student/flight_ws/install/aircraft_design/share/aircraft_design/launch
[0.844s] symbolically linking /home/student/flight_ws/build/aircraft_design/launch/hangar_simulation.launch.py -> /home/student/flight_ws/install/aircraft_design/share/aircraft_design/launch
[0.844s] symbolically linking /home/student/flight_ws/build/aircraft_design/launch/system.launch.py -> /home/student/flight_ws/install/aircraft_design/share/aircraft_design/launch
[0.844s] creating /home/student/flight_ws/install/aircraft_design/share/aircraft_design/urdf
[0.844s] symbolically linking /home/student/flight_ws/build/aircraft_design/urdf/aircraft.urdf.xacro -> /home/student/flight_ws/install/aircraft_design/share/aircraft_design/urdf
[0.844s] symbolically linking /home/student/flight_ws/build/aircraft_design/urdf/tug.urdf.xacro -> /home/student/flight_ws/install/aircraft_design/share/aircraft_design/urdf
[0.844s] symbolically linking /home/student/flight_ws/build/aircraft_design/urdf/tractor.urdf.xacro -> /home/student/flight_ws/install/aircraft_design/share/aircraft_design/urdf
[0.845s] symbolically linking /home/student/flight_ws/build/aircraft_design/urdf/system.urdf.xacro -> /home/student/flight_ws/install/aircraft_design/share/aircraft_design/urdf
[0.845s] creating /home/student/flight_ws/install/aircraft_design/share/aircraft_design/rviz
[0.845s] symbolically linking /home/student/flight_ws/build/aircraft_design/rviz/tug_simulation.rviz -> /home/student/flight_ws/install/aircraft_design/share/aircraft_design/rviz
[0.845s] symbolically linking /home/student/flight_ws/build/aircraft_design/rviz/tug.rviz -> /home/student/flight_ws/install/aircraft_design/share/aircraft_design/rviz
[0.845s] symbolically linking /home/student/flight_ws/build/aircraft_design/rviz/pushback.rviz -> /home/student/flight_ws/install/aircraft_design/share/aircraft_design/rviz
[0.845s] symbolically linking /home/student/flight_ws/build/aircraft_design/rviz/config.rviz -> /home/student/flight_ws/install/aircraft_design/share/aircraft_design/rviz
[0.845s] creating /home/student/flight_ws/install/aircraft_design/share/aircraft_design/data
[0.845s] symbolically linking /home/student/flight_ws/build/aircraft_design/data/trajectories.csv -> /home/student/flight_ws/install/aircraft_design/share/aircraft_design/data
[0.845s] symbolically linking /home/student/flight_ws/build/aircraft_design/data/dynamic_pushback_log.csv -> /home/student/flight_ws/install/aircraft_design/share/aircraft_design/data
[0.845s] symbolically linking /home/student/flight_ws/build/aircraft_design/data/towing_path_halle_straight_expand_new.csv -> /home/student/flight_ws/install/aircraft_design/share/aircraft_design/data
[0.845s] symbolically linking /home/student/flight_ws/build/aircraft_design/data/towing_path_halle_turn_expand_new.csv -> /home/student/flight_ws/install/aircraft_design/share/aircraft_design/data
[0.845s] creating /home/student/flight_ws/install/aircraft_design/share/aircraft_design/parameters
[0.845s] symbolically linking /home/student/flight_ws/build/aircraft_design/parameters/TF6_parameters.json -> /home/student/flight_ws/install/aircraft_design/share/aircraft_design/parameters
[0.845s] symbolically linking /home/student/flight_ws/build/aircraft_design/parameters/ATR42_300_parameters.json -> /home/student/flight_ws/install/aircraft_design/share/aircraft_design/parameters
[0.845s] creating /home/student/flight_ws/install/aircraft_design/share/aircraft_design/maps
[0.845s] symbolically linking /home/student/flight_ws/build/aircraft_design/maps/airport_map.png -> /home/student/flight_ws/install/aircraft_design/share/aircraft_design/maps
[0.845s] symbolically linking /home/student/flight_ws/build/aircraft_design/maps/test_turn_map.yaml -> /home/student/flight_ws/install/aircraft_design/share/aircraft_design/maps
[0.845s] symbolically linking /home/student/flight_ws/build/aircraft_design/maps/halle_straight_map.png -> /home/student/flight_ws/install/aircraft_design/share/aircraft_design/maps
[0.845s] symbolically linking /home/student/flight_ws/build/aircraft_design/maps/halle_straight_map.yaml -> /home/student/flight_ws/install/aircraft_design/share/aircraft_design/maps
[0.845s] symbolically linking /home/student/flight_ws/build/aircraft_design/maps/airport_map.yaml -> /home/student/flight_ws/install/aircraft_design/share/aircraft_design/maps
[0.845s] symbolically linking /home/student/flight_ws/build/aircraft_design/maps/test_turn_map.png -> /home/student/flight_ws/install/aircraft_design/share/aircraft_design/maps
[0.845s] creating /home/student/flight_ws/install/aircraft_design/share/aircraft_design/meshes
[0.845s] symbolically linking /home/student/flight_ws/build/aircraft_design/meshes/aircraft_base.stl -> /home/student/flight_ws/install/aircraft_design/share/aircraft_design/meshes
[0.845s] symbolically linking /home/student/flight_ws/build/aircraft_design/meshes/tractor_hitch.stl -> /home/student/flight_ws/install/aircraft_design/share/aircraft_design/meshes
[0.846s] symbolically linking /home/student/flight_ws/build/aircraft_design/meshes/rear_wheel_group.stl -> /home/student/flight_ws/install/aircraft_design/share/aircraft_design/meshes
[0.846s] symbolically linking /home/student/flight_ws/build/aircraft_design/meshes/aircraft_nose_wheel.stl -> /home/student/flight_ws/install/aircraft_design/share/aircraft_design/meshes
[0.846s] symbolically linking /home/student/flight_ws/build/aircraft_design/meshes/aircraft_right_mlg.stl -> /home/student/flight_ws/install/aircraft_design/share/aircraft_design/meshes
[0.846s] symbolically linking /home/student/flight_ws/build/aircraft_design/meshes/aircraft_left_mlg.stl -> /home/student/flight_ws/install/aircraft_design/share/aircraft_design/meshes
[0.846s] symbolically linking /home/student/flight_ws/build/aircraft_design/meshes/tractor_base.stl -> /home/student/flight_ws/install/aircraft_design/share/aircraft_design/meshes
[0.863s] Invoked command in '/home/student/flight_ws/build/aircraft_design' returned '0': PYTHONPATH=/home/student/flight_ws/build/aircraft_design/prefix_override:/usr/lib/python3/dist-packages/colcon_core/task/python/colcon_distutils_commands:/home/student/flight_ws/install/aircraft_design/lib/python3.10/site-packages:${PYTHONPATH} /usr/bin/python3 -W ignore:setup.py install is deprecated -W ignore:easy_install command is deprecated setup.py develop --editable --build-directory /home/student/flight_ws/build/aircraft_design/build --no-deps symlink_data
