running develop
Removing /home/student/flight_ws/install/aircraft_design/lib/python3.10/site-packages/aircraft-design.egg-link (link to .)
running egg_info
writing ../../build/aircraft_design/aircraft_design.egg-info/PKG-INFO
writing dependency_links to ../../build/aircraft_design/aircraft_design.egg-info/dependency_links.txt
writing entry points to ../../build/aircraft_design/aircraft_design.egg-info/entry_points.txt
writing requirements to ../../build/aircraft_design/aircraft_design.egg-info/requires.txt
writing top-level names to ../../build/aircraft_design/aircraft_design.egg-info/top_level.txt
reading manifest file '../../build/aircraft_design/aircraft_design.egg-info/SOURCES.txt'
writing manifest file '../../build/aircraft_design/aircraft_design.egg-info/SOURCES.txt'
running build
running build_py
creating /home/student/flight_ws/build/aircraft_design/build
creating /home/student/flight_ws/build/aircraft_design/build/lib
creating /home/student/flight_ws/build/aircraft_design/build/lib/aircraft_design
copying aircraft_design/swept_path_mapper.py -> /home/student/flight_ws/build/aircraft_design/build/lib/aircraft_design
copying aircraft_design/csv_trajectory_player.py -> /home/student/flight_ws/build/aircraft_design/build/lib/aircraft_design
copying aircraft_design/dynamic_pushback_planner.py -> /home/student/flight_ws/build/aircraft_design/build/lib/aircraft_design
copying aircraft_design/hangar_dynamic_planner.py -> /home/student/flight_ws/build/aircraft_design/build/lib/aircraft_design
copying aircraft_design/path_publisher.py -> /home/student/flight_ws/build/aircraft_design/build/lib/aircraft_design
copying aircraft_design/__init__.py -> /home/student/flight_ws/build/aircraft_design/build/lib/aircraft_design
copying aircraft_design/dynamic2_pushback_planner.py -> /home/student/flight_ws/build/aircraft_design/build/lib/aircraft_design
copying aircraft_design/trajectory_player.py -> /home/student/flight_ws/build/aircraft_design/build/lib/aircraft_design
copying aircraft_design/dynamic1_pushback_planner.py -> /home/student/flight_ws/build/aircraft_design/build/lib/aircraft_design
copying aircraft_design/hangar_map_publisher.py -> /home/student/flight_ws/build/aircraft_design/build/lib/aircraft_design
creating /home/student/flight_ws/build/aircraft_design/build/lib/aircraft_design/physics_engine
copying aircraft_design/physics_engine/simulation_inputs.py -> /home/student/flight_ws/build/aircraft_design/build/lib/aircraft_design/physics_engine
copying aircraft_design/physics_engine/center_of_gravity_calculation.py -> /home/student/flight_ws/build/aircraft_design/build/lib/aircraft_design/physics_engine
copying aircraft_design/physics_engine/__init__.py -> /home/student/flight_ws/build/aircraft_design/build/lib/aircraft_design/physics_engine
copying aircraft_design/physics_engine/load_parameters.py -> /home/student/flight_ws/build/aircraft_design/build/lib/aircraft_design/physics_engine
copying aircraft_design/physics_engine/bolzern_common.py -> /home/student/flight_ws/build/aircraft_design/build/lib/aircraft_design/physics_engine
copying aircraft_design/physics_engine/vehicle_dynamics_bolzern.py -> /home/student/flight_ws/build/aircraft_design/build/lib/aircraft_design/physics_engine
creating /home/student/flight_ws/build/aircraft_design/build/lib/aircraft_design/physics_engine/utils
copying aircraft_design/physics_engine/utils/acceleration_constraints.py -> /home/student/flight_ws/build/aircraft_design/build/lib/aircraft_design/physics_engine/utils
copying aircraft_design/physics_engine/utils/steering_constraints.py -> /home/student/flight_ws/build/aircraft_design/build/lib/aircraft_design/physics_engine/utils
copying aircraft_design/physics_engine/utils/__init__.py -> /home/student/flight_ws/build/aircraft_design/build/lib/aircraft_design/physics_engine/utils
running install
running install_lib
creating /home/student/flight_ws/install/aircraft_design/lib/python3.10/site-packages/aircraft_design
copying /home/student/flight_ws/build/aircraft_design/build/lib/aircraft_design/swept_path_mapper.py -> /home/student/flight_ws/install/aircraft_design/lib/python3.10/site-packages/aircraft_design
copying /home/student/flight_ws/build/aircraft_design/build/lib/aircraft_design/csv_trajectory_player.py -> /home/student/flight_ws/install/aircraft_design/lib/python3.10/site-packages/aircraft_design
copying /home/student/flight_ws/build/aircraft_design/build/lib/aircraft_design/dynamic_pushback_planner.py -> /home/student/flight_ws/install/aircraft_design/lib/python3.10/site-packages/aircraft_design
copying /home/student/flight_ws/build/aircraft_design/build/lib/aircraft_design/hangar_dynamic_planner.py -> /home/student/flight_ws/install/aircraft_design/lib/python3.10/site-packages/aircraft_design
copying /home/student/flight_ws/build/aircraft_design/build/lib/aircraft_design/path_publisher.py -> /home/student/flight_ws/install/aircraft_design/lib/python3.10/site-packages/aircraft_design
copying /home/student/flight_ws/build/aircraft_design/build/lib/aircraft_design/__init__.py -> /home/student/flight_ws/install/aircraft_design/lib/python3.10/site-packages/aircraft_design
creating /home/student/flight_ws/install/aircraft_design/lib/python3.10/site-packages/aircraft_design/physics_engine
creating /home/student/flight_ws/install/aircraft_design/lib/python3.10/site-packages/aircraft_design/physics_engine/utils
copying /home/student/flight_ws/build/aircraft_design/build/lib/aircraft_design/physics_engine/utils/acceleration_constraints.py -> /home/student/flight_ws/install/aircraft_design/lib/python3.10/site-packages/aircraft_design/physics_engine/utils
copying /home/student/flight_ws/build/aircraft_design/build/lib/aircraft_design/physics_engine/utils/steering_constraints.py -> /home/student/flight_ws/install/aircraft_design/lib/python3.10/site-packages/aircraft_design/physics_engine/utils
copying /home/student/flight_ws/build/aircraft_design/build/lib/aircraft_design/physics_engine/utils/__init__.py -> /home/student/flight_ws/install/aircraft_design/lib/python3.10/site-packages/aircraft_design/physics_engine/utils
copying /home/student/flight_ws/build/aircraft_design/build/lib/aircraft_design/physics_engine/simulation_inputs.py -> /home/student/flight_ws/install/aircraft_design/lib/python3.10/site-packages/aircraft_design/physics_engine
copying /home/student/flight_ws/build/aircraft_design/build/lib/aircraft_design/physics_engine/center_of_gravity_calculation.py -> /home/student/flight_ws/install/aircraft_design/lib/python3.10/site-packages/aircraft_design/physics_engine
copying /home/student/flight_ws/build/aircraft_design/build/lib/aircraft_design/physics_engine/__init__.py -> /home/student/flight_ws/install/aircraft_design/lib/python3.10/site-packages/aircraft_design/physics_engine
copying /home/student/flight_ws/build/aircraft_design/build/lib/aircraft_design/physics_engine/load_parameters.py -> /home/student/flight_ws/install/aircraft_design/lib/python3.10/site-packages/aircraft_design/physics_engine
copying /home/student/flight_ws/build/aircraft_design/build/lib/aircraft_design/physics_engine/bolzern_common.py -> /home/student/flight_ws/install/aircraft_design/lib/python3.10/site-packages/aircraft_design/physics_engine
copying /home/student/flight_ws/build/aircraft_design/build/lib/aircraft_design/physics_engine/vehicle_dynamics_bolzern.py -> /home/student/flight_ws/install/aircraft_design/lib/python3.10/site-packages/aircraft_design/physics_engine
copying /home/student/flight_ws/build/aircraft_design/build/lib/aircraft_design/dynamic2_pushback_planner.py -> /home/student/flight_ws/install/aircraft_design/lib/python3.10/site-packages/aircraft_design
copying /home/student/flight_ws/build/aircraft_design/build/lib/aircraft_design/trajectory_player.py -> /home/student/flight_ws/install/aircraft_design/lib/python3.10/site-packages/aircraft_design
copying /home/student/flight_ws/build/aircraft_design/build/lib/aircraft_design/dynamic1_pushback_planner.py -> /home/student/flight_ws/install/aircraft_design/lib/python3.10/site-packages/aircraft_design
copying /home/student/flight_ws/build/aircraft_design/build/lib/aircraft_design/hangar_map_publisher.py -> /home/student/flight_ws/install/aircraft_design/lib/python3.10/site-packages/aircraft_design
byte-compiling /home/student/flight_ws/install/aircraft_design/lib/python3.10/site-packages/aircraft_design/swept_path_mapper.py to swept_path_mapper.cpython-310.pyc
byte-compiling /home/student/flight_ws/install/aircraft_design/lib/python3.10/site-packages/aircraft_design/csv_trajectory_player.py to csv_trajectory_player.cpython-310.pyc
byte-compiling /home/student/flight_ws/install/aircraft_design/lib/python3.10/site-packages/aircraft_design/dynamic_pushback_planner.py to dynamic_pushback_planner.cpython-310.pyc
byte-compiling /home/student/flight_ws/install/aircraft_design/lib/python3.10/site-packages/aircraft_design/hangar_dynamic_planner.py to hangar_dynamic_planner.cpython-310.pyc
byte-compiling /home/student/flight_ws/install/aircraft_design/lib/python3.10/site-packages/aircraft_design/path_publisher.py to path_publisher.cpython-310.pyc
byte-compiling /home/student/flight_ws/install/aircraft_design/lib/python3.10/site-packages/aircraft_design/__init__.py to __init__.cpython-310.pyc
byte-compiling /home/student/flight_ws/install/aircraft_design/lib/python3.10/site-packages/aircraft_design/physics_engine/utils/acceleration_constraints.py to acceleration_constraints.cpython-310.pyc
byte-compiling /home/student/flight_ws/install/aircraft_design/lib/python3.10/site-packages/aircraft_design/physics_engine/utils/steering_constraints.py to steering_constraints.cpython-310.pyc
byte-compiling /home/student/flight_ws/install/aircraft_design/lib/python3.10/site-packages/aircraft_design/physics_engine/utils/__init__.py to __init__.cpython-310.pyc
byte-compiling /home/student/flight_ws/install/aircraft_design/lib/python3.10/site-packages/aircraft_design/physics_engine/simulation_inputs.py to simulation_inputs.cpython-310.pyc
byte-compiling /home/student/flight_ws/install/aircraft_design/lib/python3.10/site-packages/aircraft_design/physics_engine/center_of_gravity_calculation.py to center_of_gravity_calculation.cpython-310.pyc
byte-compiling /home/student/flight_ws/install/aircraft_design/lib/python3.10/site-packages/aircraft_design/physics_engine/__init__.py to __init__.cpython-310.pyc
byte-compiling /home/student/flight_ws/install/aircraft_design/lib/python3.10/site-packages/aircraft_design/physics_engine/load_parameters.py to load_parameters.cpython-310.pyc
byte-compiling /home/student/flight_ws/install/aircraft_design/lib/python3.10/site-packages/aircraft_design/physics_engine/bolzern_common.py to bolzern_common.cpython-310.pyc
byte-compiling /home/student/flight_ws/install/aircraft_design/lib/python3.10/site-packages/aircraft_design/physics_engine/vehicle_dynamics_bolzern.py to vehicle_dynamics_bolzern.cpython-310.pyc
byte-compiling /home/student/flight_ws/install/aircraft_design/lib/python3.10/site-packages/aircraft_design/dynamic2_pushback_planner.py to dynamic2_pushback_planner.cpython-310.pyc
byte-compiling /home/student/flight_ws/install/aircraft_design/lib/python3.10/site-packages/aircraft_design/trajectory_player.py to trajectory_player.cpython-310.pyc
byte-compiling /home/student/flight_ws/install/aircraft_design/lib/python3.10/site-packages/aircraft_design/dynamic1_pushback_planner.py to dynamic1_pushback_planner.cpython-310.pyc
byte-compiling /home/student/flight_ws/install/aircraft_design/lib/python3.10/site-packages/aircraft_design/hangar_map_publisher.py to hangar_map_publisher.cpython-310.pyc
running install_data
copying resource/aircraft_design -> /home/student/flight_ws/install/aircraft_design/share/ament_index/resource_index/packages
copying package.xml -> /home/student/flight_ws/install/aircraft_design/share/aircraft_design
copying launch/display_dynamic.launch.py -> /home/student/flight_ws/install/aircraft_design/share/aircraft_design/launch
copying launch/display_planner.launch.py -> /home/student/flight_ws/install/aircraft_design/share/aircraft_design/launch
copying launch/display_aircraft.launch.py -> /home/student/flight_ws/install/aircraft_design/share/aircraft_design/launch
copying launch/display_tug.launch.py -> /home/student/flight_ws/install/aircraft_design/share/aircraft_design/launch
copying launch/hangar_simulation.launch.py -> /home/student/flight_ws/install/aircraft_design/share/aircraft_design/launch
copying launch/hangar_dynamic.launch.py -> /home/student/flight_ws/install/aircraft_design/share/aircraft_design/launch
copying launch/display_system.launch.py -> /home/student/flight_ws/install/aircraft_design/share/aircraft_design/launch
copying urdf/tug.urdf -> /home/student/flight_ws/install/aircraft_design/share/aircraft_design/urdf
copying urdf/airplane.urdf -> /home/student/flight_ws/install/aircraft_design/share/aircraft_design/urdf
copying rviz/config.rviz -> /home/student/flight_ws/install/aircraft_design/share/aircraft_design/rviz
copying data/generate_csv.py -> /home/student/flight_ws/install/aircraft_design/share/aircraft_design/data
copying data/generated_dynamic_Right_Turn.csv -> /home/student/flight_ws/install/aircraft_design/share/aircraft_design/data
copying data/kinematic_Right Turn_MAC_16.5_Nose_Heavy.csv -> /home/student/flight_ws/install/aircraft_design/share/aircraft_design/data
copying data/hangar_dynamic_Right_Turn.csv -> /home/student/flight_ws/install/aircraft_design/share/aircraft_design/data
copying data/dynamic_pushback_log.csv -> /home/student/flight_ws/install/aircraft_design/share/aircraft_design/data
copying data/towing_path_halle_straight_expand_new.csv -> /home/student/flight_ws/install/aircraft_design/share/aircraft_design/data
copying data/towing_path_halle_turn_expand_new.csv -> /home/student/flight_ws/install/aircraft_design/share/aircraft_design/data
copying data/example_trajectory.csv -> /home/student/flight_ws/install/aircraft_design/share/aircraft_design/data
copying parameters/TF6_parameters.json -> /home/student/flight_ws/install/aircraft_design/share/aircraft_design/parameters
copying parameters/ATR42_300_parameters.json -> /home/student/flight_ws/install/aircraft_design/share/aircraft_design/parameters
copying maps/airport_map.png -> /home/student/flight_ws/install/aircraft_design/share/aircraft_design/maps
copying maps/test_turn_map.yaml -> /home/student/flight_ws/install/aircraft_design/share/aircraft_design/maps
copying maps/halle_straight_map.png -> /home/student/flight_ws/install/aircraft_design/share/aircraft_design/maps
copying maps/swept_path_map.png -> /home/student/flight_ws/install/aircraft_design/share/aircraft_design/maps
copying maps/halle_straight_map.yaml -> /home/student/flight_ws/install/aircraft_design/share/aircraft_design/maps
copying maps/airport_map.yaml -> /home/student/flight_ws/install/aircraft_design/share/aircraft_design/maps
copying maps/swept_path_map.yaml -> /home/student/flight_ws/install/aircraft_design/share/aircraft_design/maps
copying maps/test_turn_map.png -> /home/student/flight_ws/install/aircraft_design/share/aircraft_design/maps
copying meshes/hd1901.glb -> /home/student/flight_ws/install/aircraft_design/share/aircraft_design/meshes
copying meshes/atr423.stl -> /home/student/flight_ws/install/aircraft_design/share/aircraft_design/meshes
running install_egg_info
Copying ../../build/aircraft_design/aircraft_design.egg-info to /home/student/flight_ws/install/aircraft_design/lib/python3.10/site-packages/aircraft_design-0.0.0-py3.10.egg-info
running install_scripts
Installing csv_trajectory_player script to /home/student/flight_ws/install/aircraft_design/lib/aircraft_design
Installing dynamic1_pushback_planner script to /home/student/flight_ws/install/aircraft_design/lib/aircraft_design
Installing dynamic2_pushback_planner script to /home/student/flight_ws/install/aircraft_design/lib/aircraft_design
Installing dynamic_hangar_driver script to /home/student/flight_ws/install/aircraft_design/lib/aircraft_design
Installing dynamic_pushback_planner script to /home/student/flight_ws/install/aircraft_design/lib/aircraft_design
Installing hangar_dynamic_planner script to /home/student/flight_ws/install/aircraft_design/lib/aircraft_design
Installing hangar_map_publisher script to /home/student/flight_ws/install/aircraft_design/lib/aircraft_design
Installing path_publisher script to /home/student/flight_ws/install/aircraft_design/lib/aircraft_design
Installing simulation_inputs script to /home/student/flight_ws/install/aircraft_design/lib/aircraft_design
Installing swept_path_mapper script to /home/student/flight_ws/install/aircraft_design/lib/aircraft_design
Installing trajectory_player script to /home/student/flight_ws/install/aircraft_design/lib/aircraft_design
writing list of installed files to '/home/student/flight_ws/build/aircraft_design/install.log'
