[0.341s] Invoking command in '/home/student/flight_ws/build/aircraft_design': PYTHONPATH=/home/student/flight_ws/build/aircraft_design/prefix_override:/usr/lib/python3/dist-packages/colcon_core/task/python/colcon_distutils_commands:/home/student/flight_ws/install/aircraft_design/lib/python3.10/site-packages:${PYTHONPATH} /usr/bin/python3 -W ignore:setup.py install is deprecated -W ignore:easy_install command is deprecated setup.py develop --uninstall --editable --build-directory /home/student/flight_ws/build/aircraft_design/build
[0.476s] running develop
[0.563s] Removing /home/student/flight_ws/install/aircraft_design/lib/python3.10/site-packages/aircraft-design.egg-link (link to .)
[0.584s] Invoked command in '/home/student/flight_ws/build/aircraft_design' returned '0': PYTHONPATH=/home/student/flight_ws/build/aircraft_design/prefix_override:/usr/lib/python3/dist-packages/colcon_core/task/python/colcon_distutils_commands:/home/student/flight_ws/install/aircraft_design/lib/python3.10/site-packages:${PYTHONPATH} /usr/bin/python3 -W ignore:setup.py install is deprecated -W ignore:easy_install command is deprecated setup.py develop --uninstall --editable --build-directory /home/student/flight_ws/build/aircraft_design/build
[0.588s] Invoking command in '/home/student/flight_ws/src/aircraft_design': PYTHONPATH=/home/student/flight_ws/build/aircraft_design/prefix_override:/usr/lib/python3/dist-packages/colcon_core/task/python/colcon_distutils_commands:/home/student/flight_ws/install/aircraft_design/lib/python3.10/site-packages:${PYTHONPATH} /usr/bin/python3 -W ignore:setup.py install is deprecated -W ignore:easy_install command is deprecated setup.py egg_info --egg-base ../../build/aircraft_design build --build-base /home/student/flight_ws/build/aircraft_design/build install --record /home/student/flight_ws/build/aircraft_design/install.log --single-version-externally-managed install_data --force
[0.730s] running egg_info
[0.732s] writing ../../build/aircraft_design/aircraft_design.egg-info/PKG-INFO
[0.732s] writing dependency_links to ../../build/aircraft_design/aircraft_design.egg-info/dependency_links.txt
[0.732s] writing entry points to ../../build/aircraft_design/aircraft_design.egg-info/entry_points.txt
[0.732s] writing requirements to ../../build/aircraft_design/aircraft_design.egg-info/requires.txt
[0.732s] writing top-level names to ../../build/aircraft_design/aircraft_design.egg-info/top_level.txt
[0.733s] reading manifest file '../../build/aircraft_design/aircraft_design.egg-info/SOURCES.txt'
[0.734s] writing manifest file '../../build/aircraft_design/aircraft_design.egg-info/SOURCES.txt'
[0.734s] running build
[0.734s] running build_py
[0.734s] creating /home/student/flight_ws/build/aircraft_design/build
[0.734s] creating /home/student/flight_ws/build/aircraft_design/build/lib
[0.734s] creating /home/student/flight_ws/build/aircraft_design/build/lib/aircraft_design
[0.735s] copying aircraft_design/swept_path_mapper.py -> /home/student/flight_ws/build/aircraft_design/build/lib/aircraft_design
[0.745s] copying aircraft_design/csv_trajectory_player.py -> /home/student/flight_ws/build/aircraft_design/build/lib/aircraft_design
[0.745s] copying aircraft_design/dynamic_pushback_planner.py -> /home/student/flight_ws/build/aircraft_design/build/lib/aircraft_design
[0.746s] copying aircraft_design/hangar_dynamic_planner.py -> /home/student/flight_ws/build/aircraft_design/build/lib/aircraft_design
[0.746s] copying aircraft_design/path_publisher.py -> /home/student/flight_ws/build/aircraft_design/build/lib/aircraft_design
[0.747s] copying aircraft_design/__init__.py -> /home/student/flight_ws/build/aircraft_design/build/lib/aircraft_design
[0.747s] copying aircraft_design/dynamic2_pushback_planner.py -> /home/student/flight_ws/build/aircraft_design/build/lib/aircraft_design
[0.748s] copying aircraft_design/trajectory_player.py -> /home/student/flight_ws/build/aircraft_design/build/lib/aircraft_design
[0.748s] copying aircraft_design/dynamic1_pushback_planner.py -> /home/student/flight_ws/build/aircraft_design/build/lib/aircraft_design
[0.749s] copying aircraft_design/hangar_map_publisher.py -> /home/student/flight_ws/build/aircraft_design/build/lib/aircraft_design
[0.750s] creating /home/student/flight_ws/build/aircraft_design/build/lib/aircraft_design/physics_engine
[0.750s] copying aircraft_design/physics_engine/simulation_inputs.py -> /home/student/flight_ws/build/aircraft_design/build/lib/aircraft_design/physics_engine
[0.751s] copying aircraft_design/physics_engine/center_of_gravity_calculation.py -> /home/student/flight_ws/build/aircraft_design/build/lib/aircraft_design/physics_engine
[0.752s] copying aircraft_design/physics_engine/__init__.py -> /home/student/flight_ws/build/aircraft_design/build/lib/aircraft_design/physics_engine
[0.752s] copying aircraft_design/physics_engine/load_parameters.py -> /home/student/flight_ws/build/aircraft_design/build/lib/aircraft_design/physics_engine
[0.753s] copying aircraft_design/physics_engine/bolzern_common.py -> /home/student/flight_ws/build/aircraft_design/build/lib/aircraft_design/physics_engine
[0.754s] copying aircraft_design/physics_engine/vehicle_dynamics_bolzern.py -> /home/student/flight_ws/build/aircraft_design/build/lib/aircraft_design/physics_engine
[0.755s] creating /home/student/flight_ws/build/aircraft_design/build/lib/aircraft_design/physics_engine/utils
[0.755s] copying aircraft_design/physics_engine/utils/acceleration_constraints.py -> /home/student/flight_ws/build/aircraft_design/build/lib/aircraft_design/physics_engine/utils
[0.756s] copying aircraft_design/physics_engine/utils/steering_constraints.py -> /home/student/flight_ws/build/aircraft_design/build/lib/aircraft_design/physics_engine/utils
[0.757s] copying aircraft_design/physics_engine/utils/__init__.py -> /home/student/flight_ws/build/aircraft_design/build/lib/aircraft_design/physics_engine/utils
[0.757s] running install
[0.757s] running install_lib
[0.758s] creating /home/student/flight_ws/install/aircraft_design/lib/python3.10/site-packages/aircraft_design
[0.758s] copying /home/student/flight_ws/build/aircraft_design/build/lib/aircraft_design/swept_path_mapper.py -> /home/student/flight_ws/install/aircraft_design/lib/python3.10/site-packages/aircraft_design
[0.758s] copying /home/student/flight_ws/build/aircraft_design/build/lib/aircraft_design/csv_trajectory_player.py -> /home/student/flight_ws/install/aircraft_design/lib/python3.10/site-packages/aircraft_design
[0.758s] copying /home/student/flight_ws/build/aircraft_design/build/lib/aircraft_design/dynamic_pushback_planner.py -> /home/student/flight_ws/install/aircraft_design/lib/python3.10/site-packages/aircraft_design
[0.759s] copying /home/student/flight_ws/build/aircraft_design/build/lib/aircraft_design/hangar_dynamic_planner.py -> /home/student/flight_ws/install/aircraft_design/lib/python3.10/site-packages/aircraft_design
[0.759s] copying /home/student/flight_ws/build/aircraft_design/build/lib/aircraft_design/path_publisher.py -> /home/student/flight_ws/install/aircraft_design/lib/python3.10/site-packages/aircraft_design
[0.759s] copying /home/student/flight_ws/build/aircraft_design/build/lib/aircraft_design/__init__.py -> /home/student/flight_ws/install/aircraft_design/lib/python3.10/site-packages/aircraft_design
[0.759s] creating /home/student/flight_ws/install/aircraft_design/lib/python3.10/site-packages/aircraft_design/physics_engine
[0.759s] creating /home/student/flight_ws/install/aircraft_design/lib/python3.10/site-packages/aircraft_design/physics_engine/utils
[0.759s] copying /home/student/flight_ws/build/aircraft_design/build/lib/aircraft_design/physics_engine/utils/acceleration_constraints.py -> /home/student/flight_ws/install/aircraft_design/lib/python3.10/site-packages/aircraft_design/physics_engine/utils
[0.759s] copying /home/student/flight_ws/build/aircraft_design/build/lib/aircraft_design/physics_engine/utils/steering_constraints.py -> /home/student/flight_ws/install/aircraft_design/lib/python3.10/site-packages/aircraft_design/physics_engine/utils
[0.760s] copying /home/student/flight_ws/build/aircraft_design/build/lib/aircraft_design/physics_engine/utils/__init__.py -> /home/student/flight_ws/install/aircraft_design/lib/python3.10/site-packages/aircraft_design/physics_engine/utils
[0.760s] copying /home/student/flight_ws/build/aircraft_design/build/lib/aircraft_design/physics_engine/simulation_inputs.py -> /home/student/flight_ws/install/aircraft_design/lib/python3.10/site-packages/aircraft_design/physics_engine
[0.760s] copying /home/student/flight_ws/build/aircraft_design/build/lib/aircraft_design/physics_engine/center_of_gravity_calculation.py -> /home/student/flight_ws/install/aircraft_design/lib/python3.10/site-packages/aircraft_design/physics_engine
[0.760s] copying /home/student/flight_ws/build/aircraft_design/build/lib/aircraft_design/physics_engine/__init__.py -> /home/student/flight_ws/install/aircraft_design/lib/python3.10/site-packages/aircraft_design/physics_engine
[0.760s] copying /home/student/flight_ws/build/aircraft_design/build/lib/aircraft_design/physics_engine/load_parameters.py -> /home/student/flight_ws/install/aircraft_design/lib/python3.10/site-packages/aircraft_design/physics_engine
[0.760s] copying /home/student/flight_ws/build/aircraft_design/build/lib/aircraft_design/physics_engine/bolzern_common.py -> /home/student/flight_ws/install/aircraft_design/lib/python3.10/site-packages/aircraft_design/physics_engine
[0.760s] copying /home/student/flight_ws/build/aircraft_design/build/lib/aircraft_design/physics_engine/vehicle_dynamics_bolzern.py -> /home/student/flight_ws/install/aircraft_design/lib/python3.10/site-packages/aircraft_design/physics_engine
[0.760s] copying /home/student/flight_ws/build/aircraft_design/build/lib/aircraft_design/dynamic2_pushback_planner.py -> /home/student/flight_ws/install/aircraft_design/lib/python3.10/site-packages/aircraft_design
[0.760s] copying /home/student/flight_ws/build/aircraft_design/build/lib/aircraft_design/trajectory_player.py -> /home/student/flight_ws/install/aircraft_design/lib/python3.10/site-packages/aircraft_design
[0.760s] copying /home/student/flight_ws/build/aircraft_design/build/lib/aircraft_design/dynamic1_pushback_planner.py -> /home/student/flight_ws/install/aircraft_design/lib/python3.10/site-packages/aircraft_design
[0.760s] copying /home/student/flight_ws/build/aircraft_design/build/lib/aircraft_design/hangar_map_publisher.py -> /home/student/flight_ws/install/aircraft_design/lib/python3.10/site-packages/aircraft_design
[0.761s] byte-compiling /home/student/flight_ws/install/aircraft_design/lib/python3.10/site-packages/aircraft_design/swept_path_mapper.py to swept_path_mapper.cpython-310.pyc
[0.762s] byte-compiling /home/student/flight_ws/install/aircraft_design/lib/python3.10/site-packages/aircraft_design/csv_trajectory_player.py to csv_trajectory_player.cpython-310.pyc
[0.763s] byte-compiling /home/student/flight_ws/install/aircraft_design/lib/python3.10/site-packages/aircraft_design/dynamic_pushback_planner.py to dynamic_pushback_planner.cpython-310.pyc
[0.764s] byte-compiling /home/student/flight_ws/install/aircraft_design/lib/python3.10/site-packages/aircraft_design/hangar_dynamic_planner.py to hangar_dynamic_planner.cpython-310.pyc
[0.765s] byte-compiling /home/student/flight_ws/install/aircraft_design/lib/python3.10/site-packages/aircraft_design/path_publisher.py to path_publisher.cpython-310.pyc
[0.765s] byte-compiling /home/student/flight_ws/install/aircraft_design/lib/python3.10/site-packages/aircraft_design/__init__.py to __init__.cpython-310.pyc
[0.766s] byte-compiling /home/student/flight_ws/install/aircraft_design/lib/python3.10/site-packages/aircraft_design/physics_engine/utils/acceleration_constraints.py to acceleration_constraints.cpython-310.pyc
[0.766s] byte-compiling /home/student/flight_ws/install/aircraft_design/lib/python3.10/site-packages/aircraft_design/physics_engine/utils/steering_constraints.py to steering_constraints.cpython-310.pyc
[0.766s] byte-compiling /home/student/flight_ws/install/aircraft_design/lib/python3.10/site-packages/aircraft_design/physics_engine/utils/__init__.py to __init__.cpython-310.pyc
[0.766s] byte-compiling /home/student/flight_ws/install/aircraft_design/lib/python3.10/site-packages/aircraft_design/physics_engine/simulation_inputs.py to simulation_inputs.cpython-310.pyc
[0.767s] byte-compiling /home/student/flight_ws/install/aircraft_design/lib/python3.10/site-packages/aircraft_design/physics_engine/center_of_gravity_calculation.py to center_of_gravity_calculation.cpython-310.pyc
[0.768s] byte-compiling /home/student/flight_ws/install/aircraft_design/lib/python3.10/site-packages/aircraft_design/physics_engine/__init__.py to __init__.cpython-310.pyc
[0.768s] byte-compiling /home/student/flight_ws/install/aircraft_design/lib/python3.10/site-packages/aircraft_design/physics_engine/load_parameters.py to load_parameters.cpython-310.pyc
[0.769s] byte-compiling /home/student/flight_ws/install/aircraft_design/lib/python3.10/site-packages/aircraft_design/physics_engine/bolzern_common.py to bolzern_common.cpython-310.pyc
[0.769s] byte-compiling /home/student/flight_ws/install/aircraft_design/lib/python3.10/site-packages/aircraft_design/physics_engine/vehicle_dynamics_bolzern.py to vehicle_dynamics_bolzern.cpython-310.pyc
[0.770s] byte-compiling /home/student/flight_ws/install/aircraft_design/lib/python3.10/site-packages/aircraft_design/dynamic2_pushback_planner.py to dynamic2_pushback_planner.cpython-310.pyc
[0.771s] byte-compiling /home/student/flight_ws/install/aircraft_design/lib/python3.10/site-packages/aircraft_design/trajectory_player.py to trajectory_player.cpython-310.pyc
[0.771s] byte-compiling /home/student/flight_ws/install/aircraft_design/lib/python3.10/site-packages/aircraft_design/dynamic1_pushback_planner.py to dynamic1_pushback_planner.cpython-310.pyc
[0.772s] byte-compiling /home/student/flight_ws/install/aircraft_design/lib/python3.10/site-packages/aircraft_design/hangar_map_publisher.py to hangar_map_publisher.cpython-310.pyc
[0.772s] running install_data
[0.773s] copying resource/aircraft_design -> /home/student/flight_ws/install/aircraft_design/share/ament_index/resource_index/packages
[0.773s] copying package.xml -> /home/student/flight_ws/install/aircraft_design/share/aircraft_design
[0.773s] copying launch/display_dynamic.launch.py -> /home/student/flight_ws/install/aircraft_design/share/aircraft_design/launch
[0.775s] copying launch/display_planner.launch.py -> /home/student/flight_ws/install/aircraft_design/share/aircraft_design/launch
[0.776s] copying launch/display_aircraft.launch.py -> /home/student/flight_ws/install/aircraft_design/share/aircraft_design/launch
[0.778s] copying launch/display_tug.launch.py -> /home/student/flight_ws/install/aircraft_design/share/aircraft_design/launch
[0.779s] copying launch/hangar_simulation.launch.py -> /home/student/flight_ws/install/aircraft_design/share/aircraft_design/launch
[0.780s] copying launch/hangar_dynamic.launch.py -> /home/student/flight_ws/install/aircraft_design/share/aircraft_design/launch
[0.781s] copying launch/display_system.launch.py -> /home/student/flight_ws/install/aircraft_design/share/aircraft_design/launch
[0.781s] copying urdf/tug.urdf -> /home/student/flight_ws/install/aircraft_design/share/aircraft_design/urdf
[0.782s] copying urdf/airplane.urdf -> /home/student/flight_ws/install/aircraft_design/share/aircraft_design/urdf
[0.783s] copying rviz/config.rviz -> /home/student/flight_ws/install/aircraft_design/share/aircraft_design/rviz
[0.784s] copying data/generate_csv.py -> /home/student/flight_ws/install/aircraft_design/share/aircraft_design/data
[0.785s] copying data/generated_dynamic_Right_Turn.csv -> /home/student/flight_ws/install/aircraft_design/share/aircraft_design/data
[0.788s] copying data/kinematic_Right Turn_MAC_16.5_Nose_Heavy.csv -> /home/student/flight_ws/install/aircraft_design/share/aircraft_design/data
[0.791s] copying data/hangar_dynamic_Right_Turn.csv -> /home/student/flight_ws/install/aircraft_design/share/aircraft_design/data
[0.794s] copying data/dynamic_pushback_log.csv -> /home/student/flight_ws/install/aircraft_design/share/aircraft_design/data
[0.797s] copying data/towing_path_halle_straight_expand_new.csv -> /home/student/flight_ws/install/aircraft_design/share/aircraft_design/data
[0.798s] copying data/towing_path_halle_turn_expand_new.csv -> /home/student/flight_ws/install/aircraft_design/share/aircraft_design/data
[0.800s] copying data/example_trajectory.csv -> /home/student/flight_ws/install/aircraft_design/share/aircraft_design/data
[0.801s] copying parameters/TF6_parameters.json -> /home/student/flight_ws/install/aircraft_design/share/aircraft_design/parameters
[0.802s] copying parameters/ATR42_300_parameters.json -> /home/student/flight_ws/install/aircraft_design/share/aircraft_design/parameters
[0.803s] copying maps/airport_map.png -> /home/student/flight_ws/install/aircraft_design/share/aircraft_design/maps
[0.807s] copying maps/test_turn_map.yaml -> /home/student/flight_ws/install/aircraft_design/share/aircraft_design/maps
[0.808s] copying maps/halle_straight_map.png -> /home/student/flight_ws/install/aircraft_design/share/aircraft_design/maps
[0.809s] copying maps/swept_path_map.png -> /home/student/flight_ws/install/aircraft_design/share/aircraft_design/maps
[0.811s] copying maps/halle_straight_map.yaml -> /home/student/flight_ws/install/aircraft_design/share/aircraft_design/maps
[0.812s] copying maps/airport_map.yaml -> /home/student/flight_ws/install/aircraft_design/share/aircraft_design/maps
[0.814s] copying maps/swept_path_map.yaml -> /home/student/flight_ws/install/aircraft_design/share/aircraft_design/maps
[0.815s] copying maps/test_turn_map.png -> /home/student/flight_ws/install/aircraft_design/share/aircraft_design/maps
[0.816s] copying meshes/hd1901.glb -> /home/student/flight_ws/install/aircraft_design/share/aircraft_design/meshes
[0.819s] copying meshes/atr423.stl -> /home/student/flight_ws/install/aircraft_design/share/aircraft_design/meshes
[0.828s] running install_egg_info
[0.829s] Copying ../../build/aircraft_design/aircraft_design.egg-info to /home/student/flight_ws/install/aircraft_design/lib/python3.10/site-packages/aircraft_design-0.0.0-py3.10.egg-info
[0.831s] running install_scripts
[0.849s] Installing csv_trajectory_player script to /home/student/flight_ws/install/aircraft_design/lib/aircraft_design
[0.850s] Installing dynamic1_pushback_planner script to /home/student/flight_ws/install/aircraft_design/lib/aircraft_design
[0.850s] Installing dynamic2_pushback_planner script to /home/student/flight_ws/install/aircraft_design/lib/aircraft_design
[0.850s] Installing dynamic_hangar_driver script to /home/student/flight_ws/install/aircraft_design/lib/aircraft_design
[0.850s] Installing dynamic_pushback_planner script to /home/student/flight_ws/install/aircraft_design/lib/aircraft_design
[0.850s] Installing hangar_dynamic_planner script to /home/student/flight_ws/install/aircraft_design/lib/aircraft_design
[0.850s] Installing hangar_map_publisher script to /home/student/flight_ws/install/aircraft_design/lib/aircraft_design
[0.850s] Installing path_publisher script to /home/student/flight_ws/install/aircraft_design/lib/aircraft_design
[0.850s] Installing simulation_inputs script to /home/student/flight_ws/install/aircraft_design/lib/aircraft_design
[0.850s] Installing swept_path_mapper script to /home/student/flight_ws/install/aircraft_design/lib/aircraft_design
[0.850s] Installing trajectory_player script to /home/student/flight_ws/install/aircraft_design/lib/aircraft_design
[0.850s] writing list of installed files to '/home/student/flight_ws/build/aircraft_design/install.log'
[0.865s] Invoked command in '/home/student/flight_ws/src/aircraft_design' returned '0': PYTHONPATH=/home/student/flight_ws/build/aircraft_design/prefix_override:/usr/lib/python3/dist-packages/colcon_core/task/python/colcon_distutils_commands:/home/student/flight_ws/install/aircraft_design/lib/python3.10/site-packages:${PYTHONPATH} /usr/bin/python3 -W ignore:setup.py install is deprecated -W ignore:easy_install command is deprecated setup.py egg_info --egg-base ../../build/aircraft_design build --build-base /home/student/flight_ws/build/aircraft_design/build install --record /home/student/flight_ws/build/aircraft_design/install.log --single-version-externally-managed install_data --force
