[0.340s] Invoking command in '/home/student/flight_ws/src/aircraft_design': PYTHONPATH=/home/student/flight_ws/build/aircraft_design/prefix_override:/usr/lib/python3/dist-packages/colcon_core/task/python/colcon_distutils_commands:/home/student/flight_ws/install/aircraft_design/lib/python3.10/site-packages:${PYTHONPATH} /usr/bin/python3 -W ignore:setup.py install is deprecated -W ignore:easy_install command is deprecated setup.py egg_info --egg-base ../../build/aircraft_design build --build-base /home/student/flight_ws/build/aircraft_design/build install --record /home/student/flight_ws/build/aircraft_design/install.log --single-version-externally-managed install_data
[0.482s] running egg_info
[0.482s] writing ../../build/aircraft_design/aircraft_design.egg-info/PKG-INFO
[0.483s] writing dependency_links to ../../build/aircraft_design/aircraft_design.egg-info/dependency_links.txt
[0.484s] writing entry points to ../../build/aircraft_design/aircraft_design.egg-info/entry_points.txt
[0.484s] writing requirements to ../../build/aircraft_design/aircraft_design.egg-info/requires.txt
[0.484s] writing top-level names to ../../build/aircraft_design/aircraft_design.egg-info/top_level.txt
[0.486s] reading manifest file '../../build/aircraft_design/aircraft_design.egg-info/SOURCES.txt'
[0.487s] writing manifest file '../../build/aircraft_design/aircraft_design.egg-info/SOURCES.txt'
[0.488s] running build
[0.488s] running build_py
[0.489s] running install
[0.489s] running install_lib
[0.490s] running install_data
[0.491s] copying urdf/tractor.urdf.xacro -> /home/student/flight_ws/install/aircraft_design/share/aircraft_design/urdf
[0.492s] running install_egg_info
[0.493s] removing '/home/student/flight_ws/install/aircraft_design/lib/python3.10/site-packages/aircraft_design-0.0.0-py3.10.egg-info' (and everything under it)
[0.493s] Copying ../../build/aircraft_design/aircraft_design.egg-info to /home/student/flight_ws/install/aircraft_design/lib/python3.10/site-packages/aircraft_design-0.0.0-py3.10.egg-info
[0.494s] running install_scripts
[0.507s] Installing csv_trajectory_player script to /home/student/flight_ws/install/aircraft_design/lib/aircraft_design
[0.507s] Installing dynamic1_pushback_planner script to /home/student/flight_ws/install/aircraft_design/lib/aircraft_design
[0.508s] Installing dynamic2_pushback_planner script to /home/student/flight_ws/install/aircraft_design/lib/aircraft_design
[0.509s] Installing dynamic_hangar_driver script to /home/student/flight_ws/install/aircraft_design/lib/aircraft_design
[0.510s] Installing dynamic_pushback_planner script to /home/student/flight_ws/install/aircraft_design/lib/aircraft_design
[0.510s] Installing hangar_dynamic_planner script to /home/student/flight_ws/install/aircraft_design/lib/aircraft_design
[0.510s] Installing hangar_map_publisher script to /home/student/flight_ws/install/aircraft_design/lib/aircraft_design
[0.511s] Installing path_publisher script to /home/student/flight_ws/install/aircraft_design/lib/aircraft_design
[0.511s] Installing simulation_inputs script to /home/student/flight_ws/install/aircraft_design/lib/aircraft_design
[0.512s] Installing swept_path_mapper script to /home/student/flight_ws/install/aircraft_design/lib/aircraft_design
[0.518s] Installing trajectory_player script to /home/student/flight_ws/install/aircraft_design/lib/aircraft_design
[0.518s] writing list of installed files to '/home/student/flight_ws/build/aircraft_design/install.log'
[0.531s] Invoked command in '/home/student/flight_ws/src/aircraft_design' returned '0': PYTHONPATH=/home/student/flight_ws/build/aircraft_design/prefix_override:/usr/lib/python3/dist-packages/colcon_core/task/python/colcon_distutils_commands:/home/student/flight_ws/install/aircraft_design/lib/python3.10/site-packages:${PYTHONPATH} /usr/bin/python3 -W ignore:setup.py install is deprecated -W ignore:easy_install command is deprecated setup.py egg_info --egg-base ../../build/aircraft_design build --build-base /home/student/flight_ws/build/aircraft_design/build install --record /home/student/flight_ws/build/aircraft_design/install.log --single-version-externally-managed install_data
