[0.388s] Invoking command in '/home/student/flight_ws/src/aircraft_design': PYTHONPATH=/home/student/flight_ws/build/aircraft_design/prefix_override:/usr/lib/python3/dist-packages/colcon_core/task/python/colcon_distutils_commands:/home/student/flight_ws/install/aircraft_design/lib/python3.10/site-packages:${PYTHONPATH} /usr/bin/python3 -W ignore:setup.py install is deprecated -W ignore:easy_install command is deprecated setup.py egg_info --egg-base ../../build/aircraft_design build --build-base /home/student/flight_ws/build/aircraft_design/build install --record /home/student/flight_ws/build/aircraft_design/install.log --single-version-externally-managed install_data
[0.540s] running egg_info
[0.540s] writing ../../build/aircraft_design/aircraft_design.egg-info/PKG-INFO
[0.540s] writing dependency_links to ../../build/aircraft_design/aircraft_design.egg-info/dependency_links.txt
[0.541s] writing entry points to ../../build/aircraft_design/aircraft_design.egg-info/entry_points.txt
[0.542s] writing requirements to ../../build/aircraft_design/aircraft_design.egg-info/requires.txt
[0.542s] writing top-level names to ../../build/aircraft_design/aircraft_design.egg-info/top_level.txt
[0.545s] reading manifest file '../../build/aircraft_design/aircraft_design.egg-info/SOURCES.txt'
[0.547s] writing manifest file '../../build/aircraft_design/aircraft_design.egg-info/SOURCES.txt'
[0.547s] running build
[0.547s] running build_py
[0.548s] running install
[0.549s] running install_lib
[0.550s] running install_data
[0.551s] copying urdf/aircraft.urdf.xacro -> /home/student/flight_ws/install/aircraft_design/share/aircraft_design/urdf
[0.552s] running install_egg_info
[0.553s] removing '/home/student/flight_ws/install/aircraft_design/lib/python3.10/site-packages/aircraft_design-0.0.0-py3.10.egg-info' (and everything under it)
[0.554s] Copying ../../build/aircraft_design/aircraft_design.egg-info to /home/student/flight_ws/install/aircraft_design/lib/python3.10/site-packages/aircraft_design-0.0.0-py3.10.egg-info
[0.554s] running install_scripts
[0.572s] Installing csv_trajectory_player script to /home/student/flight_ws/install/aircraft_design/lib/aircraft_design
[0.572s] Installing dynamic1_pushback_planner script to /home/student/flight_ws/install/aircraft_design/lib/aircraft_design
[0.572s] Installing dynamic2_pushback_planner script to /home/student/flight_ws/install/aircraft_design/lib/aircraft_design
[0.572s] Installing dynamic_hangar_driver script to /home/student/flight_ws/install/aircraft_design/lib/aircraft_design
[0.573s] Installing dynamic_pushback_planner script to /home/student/flight_ws/install/aircraft_design/lib/aircraft_design
[0.573s] Installing hangar_dynamic_planner script to /home/student/flight_ws/install/aircraft_design/lib/aircraft_design
[0.574s] Installing hangar_map_publisher script to /home/student/flight_ws/install/aircraft_design/lib/aircraft_design
[0.575s] Installing path_publisher script to /home/student/flight_ws/install/aircraft_design/lib/aircraft_design
[0.576s] Installing simulation_inputs script to /home/student/flight_ws/install/aircraft_design/lib/aircraft_design
[0.576s] Installing swept_path_mapper script to /home/student/flight_ws/install/aircraft_design/lib/aircraft_design
[0.576s] Installing trajectory_player script to /home/student/flight_ws/install/aircraft_design/lib/aircraft_design
[0.580s] writing list of installed files to '/home/student/flight_ws/build/aircraft_design/install.log'
[0.596s] Invoked command in '/home/student/flight_ws/src/aircraft_design' returned '0': PYTHONPATH=/home/student/flight_ws/build/aircraft_design/prefix_override:/usr/lib/python3/dist-packages/colcon_core/task/python/colcon_distutils_commands:/home/student/flight_ws/install/aircraft_design/lib/python3.10/site-packages:${PYTHONPATH} /usr/bin/python3 -W ignore:setup.py install is deprecated -W ignore:easy_install command is deprecated setup.py egg_info --egg-base ../../build/aircraft_design build --build-base /home/student/flight_ws/build/aircraft_design/build install --record /home/student/flight_ws/build/aircraft_design/install.log --single-version-externally-managed install_data
