[0.058s] DEBUG:colcon:Command line arguments: ['/usr/bin/colcon', 'build', '--symlink-install']
[0.059s] DEBUG:colcon:Parsed command line arguments: Namespace(log_base=None, log_level=None, verb_name='build', build_base='build', install_base='install', merge_install=False, symlink_install=True, test_result_base=None, continue_on_error=False, executor='parallel', parallel_workers=4, event_handlers=None, ignore_user_meta=False, metas=['./colcon.meta'], base_paths=['.'], packages_ignore=None, packages_ignore_regex=None, paths=None, packages_up_to=None, packages_up_to_regex=None, packages_above=None, packages_above_and_dependencies=None, packages_above_depth=None, packages_select_by_dep=None, packages_skip_by_dep=None, packages_skip_up_to=None, packages_select_build_failed=False, packages_skip_build_finished=False, packages_select_test_failures=False, packages_skip_test_passed=False, packages_select=None, packages_skip=None, packages_select_regex=None, packages_skip_regex=None, packages_start=None, packages_end=None, allow_overriding=[], cmake_args=None, cmake_target=None, cmake_target_skip_unavailable=False, cmake_clean_cache=False, cmake_clean_first=False, cmake_force_configure=False, ament_cmake_args=None, catkin_cmake_args=None, catkin_skip_building_tests=False, verb_parser=<colcon_defaults.argument_parser.defaults.DefaultArgumentsDecorator object at 0x71e43d71fd90>, verb_extension=<colcon_core.verb.build.BuildVerb object at 0x71e43d8553f0>, main=<bound method BuildVerb.main of <colcon_core.verb.build.BuildVerb object at 0x71e43d8553f0>>)
[0.156s] Level 1:colcon.colcon_core.package_discovery:discover_packages(colcon_meta) check parameters
[0.157s] Level 1:colcon.colcon_core.package_discovery:discover_packages(recursive) check parameters
[0.157s] Level 1:colcon.colcon_core.package_discovery:discover_packages(ignore) check parameters
[0.157s] Level 1:colcon.colcon_core.package_discovery:discover_packages(path) check parameters
[0.157s] Level 1:colcon.colcon_core.package_discovery:discover_packages(colcon_meta) discover
[0.157s] Level 1:colcon.colcon_core.package_discovery:discover_packages(recursive) discover
[0.157s] INFO:colcon.colcon_core.package_discovery:Crawling recursively for packages in '/home/student/flight_ws'
[0.157s] Level 1:colcon.colcon_core.package_identification:_identify(.) by extensions ['ignore', 'ignore_ament_install']
[0.157s] Level 1:colcon.colcon_core.package_identification:_identify(.) by extension 'ignore'
[0.157s] Level 1:colcon.colcon_core.package_identification:_identify(.) by extension 'ignore_ament_install'
[0.157s] Level 1:colcon.colcon_core.package_identification:_identify(.) by extensions ['colcon_pkg']
[0.157s] Level 1:colcon.colcon_core.package_identification:_identify(.) by extension 'colcon_pkg'
[0.157s] Level 1:colcon.colcon_core.package_identification:_identify(.) by extensions ['colcon_meta']
[0.157s] Level 1:colcon.colcon_core.package_identification:_identify(.) by extension 'colcon_meta'
[0.157s] Level 1:colcon.colcon_core.package_identification:_identify(.) by extensions ['ros']
[0.157s] Level 1:colcon.colcon_core.package_identification:_identify(.) by extension 'ros'
[0.165s] Level 1:colcon.colcon_core.package_identification:_identify(.) by extensions ['cmake', 'python']
[0.165s] Level 1:colcon.colcon_core.package_identification:_identify(.) by extension 'cmake'
[0.165s] Level 1:colcon.colcon_core.package_identification:_identify(.) by extension 'python'
[0.165s] Level 1:colcon.colcon_core.package_identification:_identify(.) by extensions ['python_setup_py']
[0.165s] Level 1:colcon.colcon_core.package_identification:_identify(.) by extension 'python_setup_py'
[0.165s] Level 1:colcon.colcon_core.package_identification:_identify(build) by extensions ['ignore', 'ignore_ament_install']
[0.165s] Level 1:colcon.colcon_core.package_identification:_identify(build) by extension 'ignore'
[0.165s] Level 1:colcon.colcon_core.package_identification:_identify(build) ignored
[0.165s] Level 1:colcon.colcon_core.package_identification:_identify(install) by extensions ['ignore', 'ignore_ament_install']
[0.165s] Level 1:colcon.colcon_core.package_identification:_identify(install) by extension 'ignore'
[0.165s] Level 1:colcon.colcon_core.package_identification:_identify(install) ignored
[0.166s] Level 1:colcon.colcon_core.package_identification:_identify(log) by extensions ['ignore', 'ignore_ament_install']
[0.166s] Level 1:colcon.colcon_core.package_identification:_identify(log) by extension 'ignore'
[0.166s] Level 1:colcon.colcon_core.package_identification:_identify(log) ignored
[0.166s] Level 1:colcon.colcon_core.package_identification:_identify(src) by extensions ['ignore', 'ignore_ament_install']
[0.166s] Level 1:colcon.colcon_core.package_identification:_identify(src) by extension 'ignore'
[0.166s] Level 1:colcon.colcon_core.package_identification:_identify(src) by extension 'ignore_ament_install'
[0.166s] Level 1:colcon.colcon_core.package_identification:_identify(src) by extensions ['colcon_pkg']
[0.166s] Level 1:colcon.colcon_core.package_identification:_identify(src) by extension 'colcon_pkg'
[0.166s] Level 1:colcon.colcon_core.package_identification:_identify(src) by extensions ['colcon_meta']
[0.166s] Level 1:colcon.colcon_core.package_identification:_identify(src) by extension 'colcon_meta'
[0.166s] Level 1:colcon.colcon_core.package_identification:_identify(src) by extensions ['ros']
[0.166s] Level 1:colcon.colcon_core.package_identification:_identify(src) by extension 'ros'
[0.166s] Level 1:colcon.colcon_core.package_identification:_identify(src) by extensions ['cmake', 'python']
[0.166s] Level 1:colcon.colcon_core.package_identification:_identify(src) by extension 'cmake'
[0.166s] Level 1:colcon.colcon_core.package_identification:_identify(src) by extension 'python'
[0.166s] Level 1:colcon.colcon_core.package_identification:_identify(src) by extensions ['python_setup_py']
[0.166s] Level 1:colcon.colcon_core.package_identification:_identify(src) by extension 'python_setup_py'
[0.166s] Level 1:colcon.colcon_core.package_identification:_identify(src/aircraft_design) by extensions ['ignore', 'ignore_ament_install']
[0.167s] Level 1:colcon.colcon_core.package_identification:_identify(src/aircraft_design) by extension 'ignore'
[0.167s] Level 1:colcon.colcon_core.package_identification:_identify(src/aircraft_design) by extension 'ignore_ament_install'
[0.167s] Level 1:colcon.colcon_core.package_identification:_identify(src/aircraft_design) by extensions ['colcon_pkg']
[0.167s] Level 1:colcon.colcon_core.package_identification:_identify(src/aircraft_design) by extension 'colcon_pkg'
[0.167s] Level 1:colcon.colcon_core.package_identification:_identify(src/aircraft_design) by extensions ['colcon_meta']
[0.167s] Level 1:colcon.colcon_core.package_identification:_identify(src/aircraft_design) by extension 'colcon_meta'
[0.167s] Level 1:colcon.colcon_core.package_identification:_identify(src/aircraft_design) by extensions ['ros']
[0.167s] Level 1:colcon.colcon_core.package_identification:_identify(src/aircraft_design) by extension 'ros'
[0.168s] DEBUG:colcon.colcon_core.package_identification:Package 'src/aircraft_design' with type 'ros.ament_python' and name 'aircraft_design'
[0.168s] Level 1:colcon.colcon_core.package_discovery:discover_packages(recursive) using defaults
[0.168s] Level 1:colcon.colcon_core.package_discovery:discover_packages(ignore) discover
[0.168s] Level 1:colcon.colcon_core.package_discovery:discover_packages(ignore) using defaults
[0.169s] Level 1:colcon.colcon_core.package_discovery:discover_packages(path) discover
[0.169s] Level 1:colcon.colcon_core.package_discovery:discover_packages(path) using defaults
[0.181s] Level 1:colcon.colcon_core.package_discovery:discover_packages(prefix_path) check parameters
[0.181s] Level 1:colcon.colcon_core.package_discovery:discover_packages(prefix_path) discover
[0.182s] DEBUG:colcon.colcon_installed_package_information.package_discovery:Found 1 installed packages in /home/student/flight_ws/install
[0.183s] DEBUG:colcon.colcon_installed_package_information.package_discovery:Found 321 installed packages in /opt/ros/humble
[0.190s] Level 1:colcon.colcon_core.package_discovery:discover_packages(prefix_path) using defaults
[0.216s] Level 5:colcon.colcon_core.verb:set package 'aircraft_design' build argument 'cmake_args' from command line to 'None'
[0.216s] Level 5:colcon.colcon_core.verb:set package 'aircraft_design' build argument 'cmake_target' from command line to 'None'
[0.216s] Level 5:colcon.colcon_core.verb:set package 'aircraft_design' build argument 'cmake_target_skip_unavailable' from command line to 'False'
[0.216s] Level 5:colcon.colcon_core.verb:set package 'aircraft_design' build argument 'cmake_clean_cache' from command line to 'False'
[0.216s] Level 5:colcon.colcon_core.verb:set package 'aircraft_design' build argument 'cmake_clean_first' from command line to 'False'
[0.216s] Level 5:colcon.colcon_core.verb:set package 'aircraft_design' build argument 'cmake_force_configure' from command line to 'False'
[0.216s] Level 5:colcon.colcon_core.verb:set package 'aircraft_design' build argument 'ament_cmake_args' from command line to 'None'
[0.216s] Level 5:colcon.colcon_core.verb:set package 'aircraft_design' build argument 'catkin_cmake_args' from command line to 'None'
[0.216s] Level 5:colcon.colcon_core.verb:set package 'aircraft_design' build argument 'catkin_skip_building_tests' from command line to 'False'
[0.216s] DEBUG:colcon.colcon_core.verb:Building package 'aircraft_design' with the following arguments: {'ament_cmake_args': None, 'build_base': '/home/student/flight_ws/build/aircraft_design', 'catkin_cmake_args': None, 'catkin_skip_building_tests': False, 'cmake_args': None, 'cmake_clean_cache': False, 'cmake_clean_first': False, 'cmake_force_configure': False, 'cmake_target': None, 'cmake_target_skip_unavailable': False, 'install_base': '/home/student/flight_ws/install/aircraft_design', 'merge_install': False, 'path': '/home/student/flight_ws/src/aircraft_design', 'symlink_install': True, 'test_result_base': None}
[0.216s] INFO:colcon.colcon_core.executor:Executing jobs using 'parallel' executor
[0.217s] DEBUG:colcon.colcon_parallel_executor.executor.parallel:run_until_complete
[0.217s] INFO:colcon.colcon_ros.task.ament_python.build:Building ROS package in '/home/student/flight_ws/src/aircraft_design' with build type 'ament_python'
[0.217s] Level 1:colcon.colcon_core.shell:create_environment_hook('aircraft_design', 'ament_prefix_path')
[0.219s] INFO:colcon.colcon_core.plugin_system:Skipping extension 'colcon_core.shell.bat': Not used on non-Windows systems
[0.219s] INFO:colcon.colcon_core.shell:Creating environment hook '/home/student/flight_ws/install/aircraft_design/share/aircraft_design/hook/ament_prefix_path.ps1'
[0.220s] INFO:colcon.colcon_core.shell:Creating environment descriptor '/home/student/flight_ws/install/aircraft_design/share/aircraft_design/hook/ament_prefix_path.dsv'
[0.220s] INFO:colcon.colcon_core.shell:Creating environment hook '/home/student/flight_ws/install/aircraft_design/share/aircraft_design/hook/ament_prefix_path.sh'
[0.221s] INFO:colcon.colcon_core.shell:Skip shell extension 'powershell' for command environment: Not usable outside of PowerShell
[0.221s] DEBUG:colcon.colcon_core.shell:Skip shell extension 'dsv' for command environment
[0.383s] INFO:colcon.colcon_core.task.python.build:Building Python package in '/home/student/flight_ws/src/aircraft_design'
[0.383s] INFO:colcon.colcon_core.shell:Skip shell extension 'powershell' for command environment: Not usable outside of PowerShell
[0.383s] DEBUG:colcon.colcon_core.shell:Skip shell extension 'dsv' for command environment
[0.583s] DEBUG:colcon.colcon_core.task.python.build:Available setuptools commands: bdist_dumb, register, build_ext, install_data, symlink_data, saveopts, install_egg_info, check, easy_install, install_lib, rotate, upload, build_scripts, alias, build, egg_info, upload_docs, develop, setopt, sdist, install, dist_info, build_clib, install_scripts, bdist_egg, bdist_rpm, install_headers, bdist, clean, build_py, test
[0.755s] DEBUG:colcon.colcon_core.task.python.build:Available setuptools 'develop' options: --uninstall, --build-directory, --dry-run, --no-find-links, --prefix, --script-dir, --local-snapshots-ok, --user, --verbose, --no-user-cfg, --editable, --index-url, --no-deps, --install-layout, --version, --zip-ok, --always-copy, --multi-version, --always-unzip, --find-links, --allow-hosts, --install-dir, --optimize, --force-installation-into-system-dir, --site-dirs, --help, --exclude-scripts, --record, --egg-path, --quiet, --upgrade
[0.760s] DEBUG:colcon.colcon_core.event_handler.log_command:Invoking command in '/home/student/flight_ws/build/aircraft_design': PYTHONPATH=/home/student/flight_ws/build/aircraft_design/prefix_override:/usr/lib/python3/dist-packages/colcon_core/task/python/colcon_distutils_commands:/home/student/flight_ws/install/aircraft_design/lib/python3.10/site-packages:${PYTHONPATH} /usr/bin/python3 -W ignore:setup.py install is deprecated -W ignore:easy_install command is deprecated setup.py develop --editable --build-directory /home/student/flight_ws/build/aircraft_design/build --no-deps symlink_data
[1.023s] Level 1:colcon.colcon_core.shell:create_environment_hook('aircraft_design', 'pythonpath_develop')
[1.023s] DEBUG:colcon.colcon_core.event_handler.log_command:Invoked command in '/home/student/flight_ws/build/aircraft_design' returned '0': PYTHONPATH=/home/student/flight_ws/build/aircraft_design/prefix_override:/usr/lib/python3/dist-packages/colcon_core/task/python/colcon_distutils_commands:/home/student/flight_ws/install/aircraft_design/lib/python3.10/site-packages:${PYTHONPATH} /usr/bin/python3 -W ignore:setup.py install is deprecated -W ignore:easy_install command is deprecated setup.py develop --editable --build-directory /home/student/flight_ws/build/aircraft_design/build --no-deps symlink_data
[1.024s] INFO:colcon.colcon_core.shell:Creating environment hook '/home/student/flight_ws/build/aircraft_design/share/aircraft_design/hook/pythonpath_develop.ps1'
[1.025s] INFO:colcon.colcon_core.shell:Creating environment descriptor '/home/student/flight_ws/build/aircraft_design/share/aircraft_design/hook/pythonpath_develop.dsv'
[1.026s] INFO:colcon.colcon_core.shell:Creating environment hook '/home/student/flight_ws/build/aircraft_design/share/aircraft_design/hook/pythonpath_develop.sh'
[1.028s] Level 1:colcon.colcon_core.environment:checking '/home/student/flight_ws/install/aircraft_design' for CMake module files
[1.028s] Level 1:colcon.colcon_core.environment:checking '/home/student/flight_ws/install/aircraft_design' for CMake config files
[1.029s] Level 1:colcon.colcon_core.environment:checking '/home/student/flight_ws/install/aircraft_design/lib'
[1.029s] Level 1:colcon.colcon_core.environment:checking '/home/student/flight_ws/install/aircraft_design/bin'
[1.029s] Level 1:colcon.colcon_core.environment:checking '/home/student/flight_ws/install/aircraft_design/lib/pkgconfig/aircraft_design.pc'
[1.030s] Level 1:colcon.colcon_core.environment:checking '/home/student/flight_ws/install/aircraft_design/lib/python3.10/site-packages'
[1.030s] Level 1:colcon.colcon_core.shell:create_environment_hook('aircraft_design', 'pythonpath')
[1.030s] INFO:colcon.colcon_core.shell:Creating environment hook '/home/student/flight_ws/install/aircraft_design/share/aircraft_design/hook/pythonpath.ps1'
[1.030s] INFO:colcon.colcon_core.shell:Creating environment descriptor '/home/student/flight_ws/install/aircraft_design/share/aircraft_design/hook/pythonpath.dsv'
[1.031s] INFO:colcon.colcon_core.shell:Creating environment hook '/home/student/flight_ws/install/aircraft_design/share/aircraft_design/hook/pythonpath.sh'
[1.032s] Level 1:colcon.colcon_core.environment:checking '/home/student/flight_ws/install/aircraft_design/bin'
[1.032s] Level 1:colcon.colcon_core.environment:create_environment_scripts_only(aircraft_design)
[1.032s] INFO:colcon.colcon_core.shell:Creating package script '/home/student/flight_ws/install/aircraft_design/share/aircraft_design/package.ps1'
[1.033s] INFO:colcon.colcon_core.shell:Creating package descriptor '/home/student/flight_ws/install/aircraft_design/share/aircraft_design/package.dsv'
[1.034s] INFO:colcon.colcon_core.shell:Creating package script '/home/student/flight_ws/install/aircraft_design/share/aircraft_design/package.sh'
[1.035s] INFO:colcon.colcon_core.shell:Creating package script '/home/student/flight_ws/install/aircraft_design/share/aircraft_design/package.bash'
[1.036s] INFO:colcon.colcon_core.shell:Creating package script '/home/student/flight_ws/install/aircraft_design/share/aircraft_design/package.zsh'
[1.037s] Level 1:colcon.colcon_core.environment:create_file_with_runtime_dependencies(/home/student/flight_ws/install/aircraft_design/share/colcon-core/packages/aircraft_design)
[1.038s] DEBUG:colcon.colcon_parallel_executor.executor.parallel:closing loop
[1.038s] DEBUG:colcon.colcon_parallel_executor.executor.parallel:loop closed
[1.038s] DEBUG:colcon.colcon_parallel_executor.executor.parallel:run_until_complete finished with '0'
[1.039s] DEBUG:colcon.colcon_core.event_reactor:joining thread
[1.042s] INFO:colcon.colcon_core.plugin_system:Skipping extension 'colcon_notification.desktop_notification.terminal_notifier': Not used on non-Darwin systems
[1.042s] INFO:colcon.colcon_core.plugin_system:Skipping extension 'colcon_notification.desktop_notification.win32': Not used on non-Windows systems
[1.042s] INFO:colcon.colcon_notification.desktop_notification:Sending desktop notification using 'notify2'
[1.053s] DEBUG:colcon.colcon_core.event_reactor:joined thread
[1.053s] INFO:colcon.colcon_core.shell:Creating prefix script '/home/student/flight_ws/install/local_setup.ps1'
[1.054s] INFO:colcon.colcon_core.shell:Creating prefix util module '/home/student/flight_ws/install/_local_setup_util_ps1.py'
[1.055s] INFO:colcon.colcon_core.shell:Creating prefix chain script '/home/student/flight_ws/install/setup.ps1'
[1.056s] INFO:colcon.colcon_core.shell:Creating prefix script '/home/student/flight_ws/install/local_setup.sh'
[1.057s] INFO:colcon.colcon_core.shell:Creating prefix util module '/home/student/flight_ws/install/_local_setup_util_sh.py'
[1.058s] INFO:colcon.colcon_core.shell:Creating prefix chain script '/home/student/flight_ws/install/setup.sh'
[1.059s] INFO:colcon.colcon_core.shell:Creating prefix script '/home/student/flight_ws/install/local_setup.bash'
[1.060s] INFO:colcon.colcon_core.shell:Creating prefix chain script '/home/student/flight_ws/install/setup.bash'
[1.061s] INFO:colcon.colcon_core.shell:Creating prefix script '/home/student/flight_ws/install/local_setup.zsh'
[1.062s] INFO:colcon.colcon_core.shell:Creating prefix chain script '/home/student/flight_ws/install/setup.zsh'
