running develop
running egg_info
creating aircraft_design.egg-info
writing aircraft_design.egg-info/PKG-INFO
writing dependency_links to aircraft_design.egg-info/dependency_links.txt
writing entry points to aircraft_design.egg-info/entry_points.txt
writing requirements to aircraft_design.egg-info/requires.txt
writing top-level names to aircraft_design.egg-info/top_level.txt
writing manifest file 'aircraft_design.egg-info/SOURCES.txt'
reading manifest file 'aircraft_design.egg-info/SOURCES.txt'
writing manifest file 'aircraft_design.egg-info/SOURCES.txt'
running build_ext
Creating /home/student/flight_ws/install/aircraft_design/lib/python3.10/site-packages/aircraft-design.egg-link (link to .)
Installing csv_trajectory_player script to /home/student/flight_ws/install/aircraft_design/lib/aircraft_design
Installing dynamic1_pushback_planner script to /home/student/flight_ws/install/aircraft_design/lib/aircraft_design
Installing dynamic2_pushback_planner script to /home/student/flight_ws/install/aircraft_design/lib/aircraft_design
Installing dynamic_hangar_driver script to /home/student/flight_ws/install/aircraft_design/lib/aircraft_design
Installing dynamic_pushback_planner script to /home/student/flight_ws/install/aircraft_design/lib/aircraft_design
Installing hangar_map_publisher script to /home/student/flight_ws/install/aircraft_design/lib/aircraft_design
Installing path_publisher script to /home/student/flight_ws/install/aircraft_design/lib/aircraft_design
Installing simulation_inputs script to /home/student/flight_ws/install/aircraft_design/lib/aircraft_design
Installing swept_path_mapper script to /home/student/flight_ws/install/aircraft_design/lib/aircraft_design
Installing trajectory_player script to /home/student/flight_ws/install/aircraft_design/lib/aircraft_design

Installed /home/student/flight_ws/build/aircraft_design
running symlink_data
creating /home/student/flight_ws/install/aircraft_design/share/ament_index
creating /home/student/flight_ws/install/aircraft_design/share/ament_index/resource_index
creating /home/student/flight_ws/install/aircraft_design/share/ament_index/resource_index/packages
symbolically linking /home/student/flight_ws/build/aircraft_design/resource/aircraft_design -> /home/student/flight_ws/install/aircraft_design/share/ament_index/resource_index/packages
symbolically linking /home/student/flight_ws/build/aircraft_design/package.xml -> /home/student/flight_ws/install/aircraft_design/share/aircraft_design
creating /home/student/flight_ws/install/aircraft_design/share/aircraft_design/launch
symbolically linking /home/student/flight_ws/build/aircraft_design/launch/hangar1_simulation.launch.py -> /home/student/flight_ws/install/aircraft_design/share/aircraft_design/launch
symbolically linking /home/student/flight_ws/build/aircraft_design/launch/display_dynamic.launch.py -> /home/student/flight_ws/install/aircraft_design/share/aircraft_design/launch
symbolically linking /home/student/flight_ws/build/aircraft_design/launch/display_planner.launch.py -> /home/student/flight_ws/install/aircraft_design/share/aircraft_design/launch
symbolically linking /home/student/flight_ws/build/aircraft_design/launch/display_aircraft.launch.py -> /home/student/flight_ws/install/aircraft_design/share/aircraft_design/launch
symbolically linking /home/student/flight_ws/build/aircraft_design/launch/display_tug.launch.py -> /home/student/flight_ws/install/aircraft_design/share/aircraft_design/launch
symbolically linking /home/student/flight_ws/build/aircraft_design/launch/hangar_simulation.launch.py -> /home/student/flight_ws/install/aircraft_design/share/aircraft_design/launch
symbolically linking /home/student/flight_ws/build/aircraft_design/launch/display_system.launch.py -> /home/student/flight_ws/install/aircraft_design/share/aircraft_design/launch
creating /home/student/flight_ws/install/aircraft_design/share/aircraft_design/urdf
symbolically linking /home/student/flight_ws/build/aircraft_design/urdf/tug.urdf -> /home/student/flight_ws/install/aircraft_design/share/aircraft_design/urdf
symbolically linking /home/student/flight_ws/build/aircraft_design/urdf/airplane.urdf -> /home/student/flight_ws/install/aircraft_design/share/aircraft_design/urdf
creating /home/student/flight_ws/install/aircraft_design/share/aircraft_design/rviz
symbolically linking /home/student/flight_ws/build/aircraft_design/rviz/config.rviz -> /home/student/flight_ws/install/aircraft_design/share/aircraft_design/rviz
creating /home/student/flight_ws/install/aircraft_design/share/aircraft_design/data
symbolically linking /home/student/flight_ws/build/aircraft_design/data/generate_csv.py -> /home/student/flight_ws/install/aircraft_design/share/aircraft_design/data
symbolically linking /home/student/flight_ws/build/aircraft_design/data/generated_dynamic_Right_Turn.csv -> /home/student/flight_ws/install/aircraft_design/share/aircraft_design/data
symbolically linking /home/student/flight_ws/build/aircraft_design/data/kinematic_Right Turn_MAC_16.5_Nose_Heavy.csv -> /home/student/flight_ws/install/aircraft_design/share/aircraft_design/data
symbolically linking /home/student/flight_ws/build/aircraft_design/data/dynamic_pushback_log.csv -> /home/student/flight_ws/install/aircraft_design/share/aircraft_design/data
symbolically linking /home/student/flight_ws/build/aircraft_design/data/towing_path_halle_straight_expand_new.csv -> /home/student/flight_ws/install/aircraft_design/share/aircraft_design/data
symbolically linking /home/student/flight_ws/build/aircraft_design/data/towing_path_halle_turn_expand_new.csv -> /home/student/flight_ws/install/aircraft_design/share/aircraft_design/data
symbolically linking /home/student/flight_ws/build/aircraft_design/data/example_trajectory.csv -> /home/student/flight_ws/install/aircraft_design/share/aircraft_design/data
creating /home/student/flight_ws/install/aircraft_design/share/aircraft_design/parameters
symbolically linking /home/student/flight_ws/build/aircraft_design/parameters/TF6_parameters.json -> /home/student/flight_ws/install/aircraft_design/share/aircraft_design/parameters
symbolically linking /home/student/flight_ws/build/aircraft_design/parameters/ATR42_300_parameters.json -> /home/student/flight_ws/install/aircraft_design/share/aircraft_design/parameters
creating /home/student/flight_ws/install/aircraft_design/share/aircraft_design/maps
symbolically linking /home/student/flight_ws/build/aircraft_design/maps/airport_map.png -> /home/student/flight_ws/install/aircraft_design/share/aircraft_design/maps
symbolically linking /home/student/flight_ws/build/aircraft_design/maps/test_turn_map.yaml -> /home/student/flight_ws/install/aircraft_design/share/aircraft_design/maps
symbolically linking /home/student/flight_ws/build/aircraft_design/maps/halle_straight_map.png -> /home/student/flight_ws/install/aircraft_design/share/aircraft_design/maps
symbolically linking /home/student/flight_ws/build/aircraft_design/maps/swept_path_map.png -> /home/student/flight_ws/install/aircraft_design/share/aircraft_design/maps
symbolically linking /home/student/flight_ws/build/aircraft_design/maps/halle_straight_map.yaml -> /home/student/flight_ws/install/aircraft_design/share/aircraft_design/maps
symbolically linking /home/student/flight_ws/build/aircraft_design/maps/airport_map.yaml -> /home/student/flight_ws/install/aircraft_design/share/aircraft_design/maps
symbolically linking /home/student/flight_ws/build/aircraft_design/maps/swept_path_map.yaml -> /home/student/flight_ws/install/aircraft_design/share/aircraft_design/maps
symbolically linking /home/student/flight_ws/build/aircraft_design/maps/test_turn_map.png -> /home/student/flight_ws/install/aircraft_design/share/aircraft_design/maps
creating /home/student/flight_ws/install/aircraft_design/share/aircraft_design/meshes
symbolically linking /home/student/flight_ws/build/aircraft_design/meshes/atr42.glb -> /home/student/flight_ws/install/aircraft_design/share/aircraft_design/meshes
symbolically linking /home/student/flight_ws/build/aircraft_design/meshes/hd190.glb -> /home/student/flight_ws/install/aircraft_design/share/aircraft_design/meshes
