[0.429s] Invoking command in '/home/student/flight_ws/build/aircraft_design': PYTHONPATH=/home/student/flight_ws/build/aircraft_design/prefix_override:/usr/lib/python3/dist-packages/colcon_core/task/python/colcon_distutils_commands:/home/student/flight_ws/install/aircraft_design/lib/python3.10/site-packages:${PYTHONPATH} /usr/bin/python3 -W ignore:setup.py install is deprecated -W ignore:easy_install command is deprecated setup.py develop --editable --build-directory /home/student/flight_ws/build/aircraft_design/build --no-deps symlink_data
[0.581s] running develop
[0.668s] running egg_info
[0.669s] creating aircraft_design.egg-info
[0.669s] writing aircraft_design.egg-info/PKG-INFO
[0.669s] writing dependency_links to aircraft_design.egg-info/dependency_links.txt
[0.669s] writing entry points to aircraft_design.egg-info/entry_points.txt
[0.669s] writing requirements to aircraft_design.egg-info/requires.txt
[0.669s] writing top-level names to aircraft_design.egg-info/top_level.txt
[0.669s] writing manifest file 'aircraft_design.egg-info/SOURCES.txt'
[0.671s] reading manifest file 'aircraft_design.egg-info/SOURCES.txt'
[0.672s] writing manifest file 'aircraft_design.egg-info/SOURCES.txt'
[0.673s] running build_ext
[0.673s] Creating /home/student/flight_ws/install/aircraft_design/lib/python3.10/site-packages/aircraft-design.egg-link (link to .)
[0.674s] Installing csv_trajectory_player script to /home/student/flight_ws/install/aircraft_design/lib/aircraft_design
[0.674s] Installing dynamic1_pushback_planner script to /home/student/flight_ws/install/aircraft_design/lib/aircraft_design
[0.674s] Installing dynamic2_pushback_planner script to /home/student/flight_ws/install/aircraft_design/lib/aircraft_design
[0.674s] Installing dynamic_hangar_driver script to /home/student/flight_ws/install/aircraft_design/lib/aircraft_design
[0.675s] Installing dynamic_pushback_planner script to /home/student/flight_ws/install/aircraft_design/lib/aircraft_design
[0.675s] Installing hangar_map_publisher script to /home/student/flight_ws/install/aircraft_design/lib/aircraft_design
[0.675s] Installing path_publisher script to /home/student/flight_ws/install/aircraft_design/lib/aircraft_design
[0.675s] Installing simulation_inputs script to /home/student/flight_ws/install/aircraft_design/lib/aircraft_design
[0.675s] Installing swept_path_mapper script to /home/student/flight_ws/install/aircraft_design/lib/aircraft_design
[0.675s] Installing trajectory_player script to /home/student/flight_ws/install/aircraft_design/lib/aircraft_design
[0.675s] 
[0.675s] Installed /home/student/flight_ws/build/aircraft_design
[0.675s] running symlink_data
[0.676s] creating /home/student/flight_ws/install/aircraft_design/share/ament_index
[0.676s] creating /home/student/flight_ws/install/aircraft_design/share/ament_index/resource_index
[0.676s] creating /home/student/flight_ws/install/aircraft_design/share/ament_index/resource_index/packages
[0.676s] symbolically linking /home/student/flight_ws/build/aircraft_design/resource/aircraft_design -> /home/student/flight_ws/install/aircraft_design/share/ament_index/resource_index/packages
[0.676s] symbolically linking /home/student/flight_ws/build/aircraft_design/package.xml -> /home/student/flight_ws/install/aircraft_design/share/aircraft_design
[0.676s] creating /home/student/flight_ws/install/aircraft_design/share/aircraft_design/launch
[0.676s] symbolically linking /home/student/flight_ws/build/aircraft_design/launch/hangar1_simulation.launch.py -> /home/student/flight_ws/install/aircraft_design/share/aircraft_design/launch
[0.676s] symbolically linking /home/student/flight_ws/build/aircraft_design/launch/display_dynamic.launch.py -> /home/student/flight_ws/install/aircraft_design/share/aircraft_design/launch
[0.676s] symbolically linking /home/student/flight_ws/build/aircraft_design/launch/display_planner.launch.py -> /home/student/flight_ws/install/aircraft_design/share/aircraft_design/launch
[0.676s] symbolically linking /home/student/flight_ws/build/aircraft_design/launch/display_aircraft.launch.py -> /home/student/flight_ws/install/aircraft_design/share/aircraft_design/launch
[0.677s] symbolically linking /home/student/flight_ws/build/aircraft_design/launch/display_tug.launch.py -> /home/student/flight_ws/install/aircraft_design/share/aircraft_design/launch
[0.677s] symbolically linking /home/student/flight_ws/build/aircraft_design/launch/hangar_simulation.launch.py -> /home/student/flight_ws/install/aircraft_design/share/aircraft_design/launch
[0.677s] symbolically linking /home/student/flight_ws/build/aircraft_design/launch/display_system.launch.py -> /home/student/flight_ws/install/aircraft_design/share/aircraft_design/launch
[0.677s] creating /home/student/flight_ws/install/aircraft_design/share/aircraft_design/urdf
[0.677s] symbolically linking /home/student/flight_ws/build/aircraft_design/urdf/tug.urdf -> /home/student/flight_ws/install/aircraft_design/share/aircraft_design/urdf
[0.677s] symbolically linking /home/student/flight_ws/build/aircraft_design/urdf/airplane.urdf -> /home/student/flight_ws/install/aircraft_design/share/aircraft_design/urdf
[0.677s] creating /home/student/flight_ws/install/aircraft_design/share/aircraft_design/rviz
[0.677s] symbolically linking /home/student/flight_ws/build/aircraft_design/rviz/config.rviz -> /home/student/flight_ws/install/aircraft_design/share/aircraft_design/rviz
[0.677s] creating /home/student/flight_ws/install/aircraft_design/share/aircraft_design/data
[0.677s] symbolically linking /home/student/flight_ws/build/aircraft_design/data/generate_csv.py -> /home/student/flight_ws/install/aircraft_design/share/aircraft_design/data
[0.677s] symbolically linking /home/student/flight_ws/build/aircraft_design/data/generated_dynamic_Right_Turn.csv -> /home/student/flight_ws/install/aircraft_design/share/aircraft_design/data
[0.677s] symbolically linking /home/student/flight_ws/build/aircraft_design/data/kinematic_Right Turn_MAC_16.5_Nose_Heavy.csv -> /home/student/flight_ws/install/aircraft_design/share/aircraft_design/data
[0.677s] symbolically linking /home/student/flight_ws/build/aircraft_design/data/dynamic_pushback_log.csv -> /home/student/flight_ws/install/aircraft_design/share/aircraft_design/data
[0.677s] symbolically linking /home/student/flight_ws/build/aircraft_design/data/towing_path_halle_straight_expand_new.csv -> /home/student/flight_ws/install/aircraft_design/share/aircraft_design/data
[0.677s] symbolically linking /home/student/flight_ws/build/aircraft_design/data/towing_path_halle_turn_expand_new.csv -> /home/student/flight_ws/install/aircraft_design/share/aircraft_design/data
[0.677s] symbolically linking /home/student/flight_ws/build/aircraft_design/data/example_trajectory.csv -> /home/student/flight_ws/install/aircraft_design/share/aircraft_design/data
[0.677s] creating /home/student/flight_ws/install/aircraft_design/share/aircraft_design/parameters
[0.678s] symbolically linking /home/student/flight_ws/build/aircraft_design/parameters/TF6_parameters.json -> /home/student/flight_ws/install/aircraft_design/share/aircraft_design/parameters
[0.678s] symbolically linking /home/student/flight_ws/build/aircraft_design/parameters/ATR42_300_parameters.json -> /home/student/flight_ws/install/aircraft_design/share/aircraft_design/parameters
[0.678s] creating /home/student/flight_ws/install/aircraft_design/share/aircraft_design/maps
[0.678s] symbolically linking /home/student/flight_ws/build/aircraft_design/maps/airport_map.png -> /home/student/flight_ws/install/aircraft_design/share/aircraft_design/maps
[0.678s] symbolically linking /home/student/flight_ws/build/aircraft_design/maps/test_turn_map.yaml -> /home/student/flight_ws/install/aircraft_design/share/aircraft_design/maps
[0.678s] symbolically linking /home/student/flight_ws/build/aircraft_design/maps/halle_straight_map.png -> /home/student/flight_ws/install/aircraft_design/share/aircraft_design/maps
[0.678s] symbolically linking /home/student/flight_ws/build/aircraft_design/maps/swept_path_map.png -> /home/student/flight_ws/install/aircraft_design/share/aircraft_design/maps
[0.678s] symbolically linking /home/student/flight_ws/build/aircraft_design/maps/halle_straight_map.yaml -> /home/student/flight_ws/install/aircraft_design/share/aircraft_design/maps
[0.678s] symbolically linking /home/student/flight_ws/build/aircraft_design/maps/airport_map.yaml -> /home/student/flight_ws/install/aircraft_design/share/aircraft_design/maps
[0.678s] symbolically linking /home/student/flight_ws/build/aircraft_design/maps/swept_path_map.yaml -> /home/student/flight_ws/install/aircraft_design/share/aircraft_design/maps
[0.678s] symbolically linking /home/student/flight_ws/build/aircraft_design/maps/test_turn_map.png -> /home/student/flight_ws/install/aircraft_design/share/aircraft_design/maps
[0.678s] creating /home/student/flight_ws/install/aircraft_design/share/aircraft_design/meshes
[0.678s] symbolically linking /home/student/flight_ws/build/aircraft_design/meshes/atr42.glb -> /home/student/flight_ws/install/aircraft_design/share/aircraft_design/meshes
[0.678s] symbolically linking /home/student/flight_ws/build/aircraft_design/meshes/hd190.glb -> /home/student/flight_ws/install/aircraft_design/share/aircraft_design/meshes
[0.697s] Invoked command in '/home/student/flight_ws/build/aircraft_design' returned '0': PYTHONPATH=/home/student/flight_ws/build/aircraft_design/prefix_override:/usr/lib/python3/dist-packages/colcon_core/task/python/colcon_distutils_commands:/home/student/flight_ws/install/aircraft_design/lib/python3.10/site-packages:${PYTHONPATH} /usr/bin/python3 -W ignore:setup.py install is deprecated -W ignore:easy_install command is deprecated setup.py develop --editable --build-directory /home/student/flight_ws/build/aircraft_design/build --no-deps symlink_data
