/home/student/flight_ws/install/aircraft_design/lib/python3.10/site-packages/aircraft_design/swept_path_mapper.py
/home/student/flight_ws/install/aircraft_design/lib/python3.10/site-packages/aircraft_design/csv_trajectory_player.py
/home/student/flight_ws/install/aircraft_design/lib/python3.10/site-packages/aircraft_design/dynamic_pushback_planner.py
/home/student/flight_ws/install/aircraft_design/lib/python3.10/site-packages/aircraft_design/hangar_dynamic_planner.py
/home/student/flight_ws/install/aircraft_design/lib/python3.10/site-packages/aircraft_design/path_publisher.py
/home/student/flight_ws/install/aircraft_design/lib/python3.10/site-packages/aircraft_design/__init__.py
/home/student/flight_ws/install/aircraft_design/lib/python3.10/site-packages/aircraft_design/dynamic2_pushback_planner.py
/home/student/flight_ws/install/aircraft_design/lib/python3.10/site-packages/aircraft_design/trajectory_player.py
/home/student/flight_ws/install/aircraft_design/lib/python3.10/site-packages/aircraft_design/dynamic1_pushback_planner.py
/home/student/flight_ws/install/aircraft_design/lib/python3.10/site-packages/aircraft_design/hangar_map_publisher.py
/home/student/flight_ws/install/aircraft_design/lib/python3.10/site-packages/aircraft_design/physics_engine/simulation_inputs.py
/home/student/flight_ws/install/aircraft_design/lib/python3.10/site-packages/aircraft_design/physics_engine/center_of_gravity_calculation.py
/home/student/flight_ws/install/aircraft_design/lib/python3.10/site-packages/aircraft_design/physics_engine/__init__.py
/home/student/flight_ws/install/aircraft_design/lib/python3.10/site-packages/aircraft_design/physics_engine/load_parameters.py
/home/student/flight_ws/install/aircraft_design/lib/python3.10/site-packages/aircraft_design/physics_engine/bolzern_common.py
/home/student/flight_ws/install/aircraft_design/lib/python3.10/site-packages/aircraft_design/physics_engine/vehicle_dynamics_bolzern.py
/home/student/flight_ws/install/aircraft_design/lib/python3.10/site-packages/aircraft_design/physics_engine/utils/acceleration_constraints.py
/home/student/flight_ws/install/aircraft_design/lib/python3.10/site-packages/aircraft_design/physics_engine/utils/steering_constraints.py
/home/student/flight_ws/install/aircraft_design/lib/python3.10/site-packages/aircraft_design/physics_engine/utils/__init__.py
/home/student/flight_ws/install/aircraft_design/lib/python3.10/site-packages/aircraft_design/__pycache__/swept_path_mapper.cpython-310.pyc
/home/student/flight_ws/install/aircraft_design/lib/python3.10/site-packages/aircraft_design/__pycache__/csv_trajectory_player.cpython-310.pyc
/home/student/flight_ws/install/aircraft_design/lib/python3.10/site-packages/aircraft_design/__pycache__/dynamic_pushback_planner.cpython-310.pyc
/home/student/flight_ws/install/aircraft_design/lib/python3.10/site-packages/aircraft_design/__pycache__/hangar_dynamic_planner.cpython-310.pyc
/home/student/flight_ws/install/aircraft_design/lib/python3.10/site-packages/aircraft_design/__pycache__/path_publisher.cpython-310.pyc
/home/student/flight_ws/install/aircraft_design/lib/python3.10/site-packages/aircraft_design/__pycache__/__init__.cpython-310.pyc
/home/student/flight_ws/install/aircraft_design/lib/python3.10/site-packages/aircraft_design/__pycache__/dynamic2_pushback_planner.cpython-310.pyc
/home/student/flight_ws/install/aircraft_design/lib/python3.10/site-packages/aircraft_design/__pycache__/trajectory_player.cpython-310.pyc
/home/student/flight_ws/install/aircraft_design/lib/python3.10/site-packages/aircraft_design/__pycache__/dynamic1_pushback_planner.cpython-310.pyc
/home/student/flight_ws/install/aircraft_design/lib/python3.10/site-packages/aircraft_design/__pycache__/hangar_map_publisher.cpython-310.pyc
/home/student/flight_ws/install/aircraft_design/lib/python3.10/site-packages/aircraft_design/physics_engine/__pycache__/simulation_inputs.cpython-310.pyc
/home/student/flight_ws/install/aircraft_design/lib/python3.10/site-packages/aircraft_design/physics_engine/__pycache__/center_of_gravity_calculation.cpython-310.pyc
/home/student/flight_ws/install/aircraft_design/lib/python3.10/site-packages/aircraft_design/physics_engine/__pycache__/__init__.cpython-310.pyc
/home/student/flight_ws/install/aircraft_design/lib/python3.10/site-packages/aircraft_design/physics_engine/__pycache__/load_parameters.cpython-310.pyc
/home/student/flight_ws/install/aircraft_design/lib/python3.10/site-packages/aircraft_design/physics_engine/__pycache__/bolzern_common.cpython-310.pyc
/home/student/flight_ws/install/aircraft_design/lib/python3.10/site-packages/aircraft_design/physics_engine/__pycache__/vehicle_dynamics_bolzern.cpython-310.pyc
/home/student/flight_ws/install/aircraft_design/lib/python3.10/site-packages/aircraft_design/physics_engine/utils/__pycache__/acceleration_constraints.cpython-310.pyc
/home/student/flight_ws/install/aircraft_design/lib/python3.10/site-packages/aircraft_design/physics_engine/utils/__pycache__/steering_constraints.cpython-310.pyc
/home/student/flight_ws/install/aircraft_design/lib/python3.10/site-packages/aircraft_design/physics_engine/utils/__pycache__/__init__.cpython-310.pyc
/home/student/flight_ws/install/aircraft_design/share/ament_index/resource_index/packages/aircraft_design
/home/student/flight_ws/install/aircraft_design/share/aircraft_design/package.xml
/home/student/flight_ws/install/aircraft_design/share/aircraft_design/launch/display_dynamic.launch.py
/home/student/flight_ws/install/aircraft_design/share/aircraft_design/launch/display_planner.launch.py
/home/student/flight_ws/install/aircraft_design/share/aircraft_design/launch/display_aircraft.launch.py
/home/student/flight_ws/install/aircraft_design/share/aircraft_design/launch/display_tug.launch.py
/home/student/flight_ws/install/aircraft_design/share/aircraft_design/launch/hangar_simulation.launch.py
/home/student/flight_ws/install/aircraft_design/share/aircraft_design/launch/system.launch.py
/home/student/flight_ws/install/aircraft_design/share/aircraft_design/launch/hangar_dynamic.launch.py
/home/student/flight_ws/install/aircraft_design/share/aircraft_design/launch/display_system.launch.py
/home/student/flight_ws/install/aircraft_design/share/aircraft_design/urdf/aircraft.urdf.xacro
/home/student/flight_ws/install/aircraft_design/share/aircraft_design/urdf/tractor.urdf.xacro
/home/student/flight_ws/install/aircraft_design/share/aircraft_design/urdf/system.urdf.xacro
/home/student/flight_ws/install/aircraft_design/share/aircraft_design/rviz/config.rviz
/home/student/flight_ws/install/aircraft_design/share/aircraft_design/data/generate_csv.py
/home/student/flight_ws/install/aircraft_design/share/aircraft_design/data/generated_dynamic_Right_Turn.csv
/home/student/flight_ws/install/aircraft_design/share/aircraft_design/data/kinematic_Right Turn_MAC_16.5_Nose_Heavy.csv
/home/student/flight_ws/install/aircraft_design/share/aircraft_design/data/hangar_dynamic_Right_Turn.csv
/home/student/flight_ws/install/aircraft_design/share/aircraft_design/data/dynamic_pushback_log.csv
/home/student/flight_ws/install/aircraft_design/share/aircraft_design/data/towing_path_halle_straight_expand_new.csv
/home/student/flight_ws/install/aircraft_design/share/aircraft_design/data/towing_path_halle_turn_expand_new.csv
/home/student/flight_ws/install/aircraft_design/share/aircraft_design/data/example_trajectory.csv
/home/student/flight_ws/install/aircraft_design/share/aircraft_design/parameters/TF6_parameters.json
/home/student/flight_ws/install/aircraft_design/share/aircraft_design/parameters/ATR42_300_parameters.json
/home/student/flight_ws/install/aircraft_design/share/aircraft_design/maps/airport_map.png
/home/student/flight_ws/install/aircraft_design/share/aircraft_design/maps/test_turn_map.yaml
/home/student/flight_ws/install/aircraft_design/share/aircraft_design/maps/halle_straight_map.png
/home/student/flight_ws/install/aircraft_design/share/aircraft_design/maps/swept_path_map.png
/home/student/flight_ws/install/aircraft_design/share/aircraft_design/maps/halle_straight_map.yaml
/home/student/flight_ws/install/aircraft_design/share/aircraft_design/maps/airport_map.yaml
/home/student/flight_ws/install/aircraft_design/share/aircraft_design/maps/swept_path_map.yaml
/home/student/flight_ws/install/aircraft_design/share/aircraft_design/maps/test_turn_map.png
/home/student/flight_ws/install/aircraft_design/share/aircraft_design/meshes/aircraft_base.stl
/home/student/flight_ws/install/aircraft_design/share/aircraft_design/meshes/tractor_hitch.stl
/home/student/flight_ws/install/aircraft_design/share/aircraft_design/meshes/rear_wheel_group.stl
/home/student/flight_ws/install/aircraft_design/share/aircraft_design/meshes/aircraft_nose_wheel.stl
/home/student/flight_ws/install/aircraft_design/share/aircraft_design/meshes/aircraft_right_mlg.stl
/home/student/flight_ws/install/aircraft_design/share/aircraft_design/meshes/aircraft_left_mlg.stl
/home/student/flight_ws/install/aircraft_design/share/aircraft_design/meshes/tractor_base.stl
/home/student/flight_ws/install/aircraft_design/lib/python3.10/site-packages/aircraft_design-0.0.0-py3.10.egg-info/PKG-INFO
/home/student/flight_ws/install/aircraft_design/lib/python3.10/site-packages/aircraft_design-0.0.0-py3.10.egg-info/dependency_links.txt
/home/student/flight_ws/install/aircraft_design/lib/python3.10/site-packages/aircraft_design-0.0.0-py3.10.egg-info/zip-safe
/home/student/flight_ws/install/aircraft_design/lib/python3.10/site-packages/aircraft_design-0.0.0-py3.10.egg-info/top_level.txt
/home/student/flight_ws/install/aircraft_design/lib/python3.10/site-packages/aircraft_design-0.0.0-py3.10.egg-info/SOURCES.txt
/home/student/flight_ws/install/aircraft_design/lib/python3.10/site-packages/aircraft_design-0.0.0-py3.10.egg-info/entry_points.txt
/home/student/flight_ws/install/aircraft_design/lib/python3.10/site-packages/aircraft_design-0.0.0-py3.10.egg-info/requires.txt
/home/student/flight_ws/install/aircraft_design/lib/aircraft_design/csv_trajectory_player
/home/student/flight_ws/install/aircraft_design/lib/aircraft_design/dynamic1_pushback_planner
/home/student/flight_ws/install/aircraft_design/lib/aircraft_design/dynamic2_pushback_planner
/home/student/flight_ws/install/aircraft_design/lib/aircraft_design/dynamic_hangar_driver
/home/student/flight_ws/install/aircraft_design/lib/aircraft_design/dynamic_pushback_planner
/home/student/flight_ws/install/aircraft_design/lib/aircraft_design/hangar_dynamic_planner
/home/student/flight_ws/install/aircraft_design/lib/aircraft_design/hangar_map_publisher
/home/student/flight_ws/install/aircraft_design/lib/aircraft_design/path_publisher
/home/student/flight_ws/install/aircraft_design/lib/aircraft_design/simulation_inputs
/home/student/flight_ws/install/aircraft_design/lib/aircraft_design/swept_path_mapper
/home/student/flight_ws/install/aircraft_design/lib/aircraft_design/trajectory_player
