[0.058s] DEBUG:colcon:Command line arguments: ['/usr/bin/colcon', 'build', '--symlink-install']
[0.058s] DEBUG:colcon:Parsed command line arguments: Namespace(log_base=None, log_level=None, verb_name='build', build_base='build', install_base='install', merge_install=False, symlink_install=True, test_result_base=None, continue_on_error=False, executor='parallel', parallel_workers=4, event_handlers=None, ignore_user_meta=False, metas=['./colcon.meta'], base_paths=['.'], packages_ignore=None, packages_ignore_regex=None, paths=None, packages_up_to=None, packages_up_to_regex=None, packages_above=None, packages_above_and_dependencies=None, packages_above_depth=None, packages_select_by_dep=None, packages_skip_by_dep=None, packages_skip_up_to=None, packages_select_build_failed=False, packages_skip_build_finished=False, packages_select_test_failures=False, packages_skip_test_passed=False, packages_select=None, packages_skip=None, packages_select_regex=None, packages_skip_regex=None, packages_start=None, packages_end=None, allow_overriding=[], cmake_args=None, cmake_target=None, cmake_target_skip_unavailable=False, cmake_clean_cache=False, cmake_clean_first=False, cmake_force_configure=False, ament_cmake_args=None, catkin_cmake_args=None, catkin_skip_building_tests=False, verb_parser=<colcon_defaults.argument_parser.defaults.DefaultArgumentsDecorator object at 0x7b2a85527dc0>, verb_extension=<colcon_core.verb.build.BuildVerb object at 0x7b2a8565d420>, main=<bound method BuildVerb.main of <colcon_core.verb.build.BuildVerb object at 0x7b2a8565d420>>)
[0.141s] Level 1:colcon.colcon_core.package_discovery:discover_packages(colcon_meta) check parameters
[0.141s] Level 1:colcon.colcon_core.package_discovery:discover_packages(recursive) check parameters
[0.141s] Level 1:colcon.colcon_core.package_discovery:discover_packages(ignore) check parameters
[0.141s] Level 1:colcon.colcon_core.package_discovery:discover_packages(path) check parameters
[0.141s] Level 1:colcon.colcon_core.package_discovery:discover_packages(colcon_meta) discover
[0.141s] Level 1:colcon.colcon_core.package_discovery:discover_packages(recursive) discover
[0.141s] INFO:colcon.colcon_core.package_discovery:Crawling recursively for packages in '/home/student/flight_ws'
[0.141s] Level 1:colcon.colcon_core.package_identification:_identify(.) by extensions ['ignore', 'ignore_ament_install']
[0.142s] Level 1:colcon.colcon_core.package_identification:_identify(.) by extension 'ignore'
[0.142s] Level 1:colcon.colcon_core.package_identification:_identify(.) by extension 'ignore_ament_install'
[0.142s] Level 1:colcon.colcon_core.package_identification:_identify(.) by extensions ['colcon_pkg']
[0.142s] Level 1:colcon.colcon_core.package_identification:_identify(.) by extension 'colcon_pkg'
[0.142s] Level 1:colcon.colcon_core.package_identification:_identify(.) by extensions ['colcon_meta']
[0.142s] Level 1:colcon.colcon_core.package_identification:_identify(.) by extension 'colcon_meta'
[0.142s] Level 1:colcon.colcon_core.package_identification:_identify(.) by extensions ['ros']
[0.142s] Level 1:colcon.colcon_core.package_identification:_identify(.) by extension 'ros'
[0.148s] Level 1:colcon.colcon_core.package_identification:_identify(.) by extensions ['cmake', 'python']
[0.148s] Level 1:colcon.colcon_core.package_identification:_identify(.) by extension 'cmake'
[0.149s] Level 1:colcon.colcon_core.package_identification:_identify(.) by extension 'python'
[0.149s] Level 1:colcon.colcon_core.package_identification:_identify(.) by extensions ['python_setup_py']
[0.149s] Level 1:colcon.colcon_core.package_identification:_identify(.) by extension 'python_setup_py'
[0.149s] Level 1:colcon.colcon_core.package_identification:_identify(build) by extensions ['ignore', 'ignore_ament_install']
[0.149s] Level 1:colcon.colcon_core.package_identification:_identify(build) by extension 'ignore'
[0.149s] Level 1:colcon.colcon_core.package_identification:_identify(build) ignored
[0.149s] Level 1:colcon.colcon_core.package_identification:_identify(install) by extensions ['ignore', 'ignore_ament_install']
[0.149s] Level 1:colcon.colcon_core.package_identification:_identify(install) by extension 'ignore'
[0.149s] Level 1:colcon.colcon_core.package_identification:_identify(install) ignored
[0.149s] Level 1:colcon.colcon_core.package_identification:_identify(log) by extensions ['ignore', 'ignore_ament_install']
[0.149s] Level 1:colcon.colcon_core.package_identification:_identify(log) by extension 'ignore'
[0.149s] Level 1:colcon.colcon_core.package_identification:_identify(log) ignored
[0.149s] Level 1:colcon.colcon_core.package_identification:_identify(src) by extensions ['ignore', 'ignore_ament_install']
[0.150s] Level 1:colcon.colcon_core.package_identification:_identify(src) by extension 'ignore'
[0.150s] Level 1:colcon.colcon_core.package_identification:_identify(src) by extension 'ignore_ament_install'
[0.150s] Level 1:colcon.colcon_core.package_identification:_identify(src) by extensions ['colcon_pkg']
[0.150s] Level 1:colcon.colcon_core.package_identification:_identify(src) by extension 'colcon_pkg'
[0.150s] Level 1:colcon.colcon_core.package_identification:_identify(src) by extensions ['colcon_meta']
[0.150s] Level 1:colcon.colcon_core.package_identification:_identify(src) by extension 'colcon_meta'
[0.150s] Level 1:colcon.colcon_core.package_identification:_identify(src) by extensions ['ros']
[0.150s] Level 1:colcon.colcon_core.package_identification:_identify(src) by extension 'ros'
[0.150s] Level 1:colcon.colcon_core.package_identification:_identify(src) by extensions ['cmake', 'python']
[0.150s] Level 1:colcon.colcon_core.package_identification:_identify(src) by extension 'cmake'
[0.150s] Level 1:colcon.colcon_core.package_identification:_identify(src) by extension 'python'
[0.150s] Level 1:colcon.colcon_core.package_identification:_identify(src) by extensions ['python_setup_py']
[0.150s] Level 1:colcon.colcon_core.package_identification:_identify(src) by extension 'python_setup_py'
[0.150s] Level 1:colcon.colcon_core.package_identification:_identify(src/aircraft_design) by extensions ['ignore', 'ignore_ament_install']
[0.150s] Level 1:colcon.colcon_core.package_identification:_identify(src/aircraft_design) by extension 'ignore'
[0.150s] Level 1:colcon.colcon_core.package_identification:_identify(src/aircraft_design) by extension 'ignore_ament_install'
[0.150s] Level 1:colcon.colcon_core.package_identification:_identify(src/aircraft_design) by extensions ['colcon_pkg']
[0.151s] Level 1:colcon.colcon_core.package_identification:_identify(src/aircraft_design) by extension 'colcon_pkg'
[0.151s] Level 1:colcon.colcon_core.package_identification:_identify(src/aircraft_design) by extensions ['colcon_meta']
[0.151s] Level 1:colcon.colcon_core.package_identification:_identify(src/aircraft_design) by extension 'colcon_meta'
[0.151s] Level 1:colcon.colcon_core.package_identification:_identify(src/aircraft_design) by extensions ['ros']
[0.151s] Level 1:colcon.colcon_core.package_identification:_identify(src/aircraft_design) by extension 'ros'
[0.152s] DEBUG:colcon.colcon_core.package_identification:Package 'src/aircraft_design' with type 'ros.ament_python' and name 'aircraft_design'
[0.152s] Level 1:colcon.colcon_core.package_discovery:discover_packages(recursive) using defaults
[0.152s] Level 1:colcon.colcon_core.package_discovery:discover_packages(ignore) discover
[0.152s] Level 1:colcon.colcon_core.package_discovery:discover_packages(ignore) using defaults
[0.152s] Level 1:colcon.colcon_core.package_discovery:discover_packages(path) discover
[0.152s] Level 1:colcon.colcon_core.package_discovery:discover_packages(path) using defaults
[0.163s] Level 1:colcon.colcon_core.package_discovery:discover_packages(prefix_path) check parameters
[0.163s] Level 1:colcon.colcon_core.package_discovery:discover_packages(prefix_path) discover
[0.164s] DEBUG:colcon.colcon_installed_package_information.package_discovery:Found 1 installed packages in /home/student/flight_ws/install
[0.165s] DEBUG:colcon.colcon_installed_package_information.package_discovery:Found 321 installed packages in /opt/ros/humble
[0.172s] Level 1:colcon.colcon_core.package_discovery:discover_packages(prefix_path) using defaults
[0.196s] Level 5:colcon.colcon_core.verb:set package 'aircraft_design' build argument 'cmake_args' from command line to 'None'
[0.196s] Level 5:colcon.colcon_core.verb:set package 'aircraft_design' build argument 'cmake_target' from command line to 'None'
[0.196s] Level 5:colcon.colcon_core.verb:set package 'aircraft_design' build argument 'cmake_target_skip_unavailable' from command line to 'False'
[0.196s] Level 5:colcon.colcon_core.verb:set package 'aircraft_design' build argument 'cmake_clean_cache' from command line to 'False'
[0.196s] Level 5:colcon.colcon_core.verb:set package 'aircraft_design' build argument 'cmake_clean_first' from command line to 'False'
[0.196s] Level 5:colcon.colcon_core.verb:set package 'aircraft_design' build argument 'cmake_force_configure' from command line to 'False'
[0.196s] Level 5:colcon.colcon_core.verb:set package 'aircraft_design' build argument 'ament_cmake_args' from command line to 'None'
[0.196s] Level 5:colcon.colcon_core.verb:set package 'aircraft_design' build argument 'catkin_cmake_args' from command line to 'None'
[0.196s] Level 5:colcon.colcon_core.verb:set package 'aircraft_design' build argument 'catkin_skip_building_tests' from command line to 'False'
[0.196s] DEBUG:colcon.colcon_core.verb:Building package 'aircraft_design' with the following arguments: {'ament_cmake_args': None, 'build_base': '/home/student/flight_ws/build/aircraft_design', 'catkin_cmake_args': None, 'catkin_skip_building_tests': False, 'cmake_args': None, 'cmake_clean_cache': False, 'cmake_clean_first': False, 'cmake_force_configure': False, 'cmake_target': None, 'cmake_target_skip_unavailable': False, 'install_base': '/home/student/flight_ws/install/aircraft_design', 'merge_install': False, 'path': '/home/student/flight_ws/src/aircraft_design', 'symlink_install': True, 'test_result_base': None}
[0.196s] INFO:colcon.colcon_core.executor:Executing jobs using 'parallel' executor
[0.197s] DEBUG:colcon.colcon_parallel_executor.executor.parallel:run_until_complete
[0.198s] INFO:colcon.colcon_ros.task.ament_python.build:Building ROS package in '/home/student/flight_ws/src/aircraft_design' with build type 'ament_python'
[0.198s] Level 1:colcon.colcon_core.shell:create_environment_hook('aircraft_design', 'ament_prefix_path')
[0.199s] INFO:colcon.colcon_core.plugin_system:Skipping extension 'colcon_core.shell.bat': Not used on non-Windows systems
[0.199s] INFO:colcon.colcon_core.shell:Creating environment hook '/home/student/flight_ws/install/aircraft_design/share/aircraft_design/hook/ament_prefix_path.ps1'
[0.200s] INFO:colcon.colcon_core.shell:Creating environment descriptor '/home/student/flight_ws/install/aircraft_design/share/aircraft_design/hook/ament_prefix_path.dsv'
[0.200s] INFO:colcon.colcon_core.shell:Creating environment hook '/home/student/flight_ws/install/aircraft_design/share/aircraft_design/hook/ament_prefix_path.sh'
[0.201s] INFO:colcon.colcon_core.shell:Skip shell extension 'powershell' for command environment: Not usable outside of PowerShell
[0.201s] DEBUG:colcon.colcon_core.shell:Skip shell extension 'dsv' for command environment
[0.363s] INFO:colcon.colcon_core.task.python.build:Building Python package in '/home/student/flight_ws/src/aircraft_design'
[0.364s] INFO:colcon.colcon_core.shell:Skip shell extension 'powershell' for command environment: Not usable outside of PowerShell
[0.364s] DEBUG:colcon.colcon_core.shell:Skip shell extension 'dsv' for command environment
[0.563s] DEBUG:colcon.colcon_core.task.python.build:Available setuptools commands: bdist, bdist_rpm, saveopts, build_scripts, clean, build, check, build_clib, install, dist_info, install_scripts, install_lib, build_py, alias, develop, egg_info, build_ext, sdist, test, symlink_data, install_egg_info, install_data, install_headers, register, rotate, bdist_dumb, easy_install, upload, setopt, upload_docs, bdist_egg
[0.733s] DEBUG:colcon.colcon_core.task.python.build:Available setuptools 'develop' options: --zip-ok, --no-find-links, --site-dirs, --prefix, --script-dir, --editable, --verbose, --exclude-scripts, --egg-path, --find-links, --build-directory, --dry-run, --index-url, --install-layout, --upgrade, --force-installation-into-system-dir, --local-snapshots-ok, --always-unzip, --no-user-cfg, --multi-version, --version, --user, --always-copy, --help, --record, --optimize, --quiet, --install-dir, --allow-hosts, --uninstall, --no-deps
[0.738s] DEBUG:colcon.colcon_core.event_handler.log_command:Invoking command in '/home/student/flight_ws/build/aircraft_design': PYTHONPATH=/home/student/flight_ws/build/aircraft_design/prefix_override:/usr/lib/python3/dist-packages/colcon_core/task/python/colcon_distutils_commands:/home/student/flight_ws/install/aircraft_design/lib/python3.10/site-packages:${PYTHONPATH} /usr/bin/python3 -W ignore:setup.py install is deprecated -W ignore:easy_install command is deprecated setup.py develop --editable --build-directory /home/student/flight_ws/build/aircraft_design/build --no-deps symlink_data
[1.008s] Level 1:colcon.colcon_core.shell:create_environment_hook('aircraft_design', 'pythonpath_develop')
[1.008s] INFO:colcon.colcon_core.shell:Creating environment hook '/home/student/flight_ws/build/aircraft_design/share/aircraft_design/hook/pythonpath_develop.ps1'
[1.009s] DEBUG:colcon.colcon_core.event_handler.log_command:Invoked command in '/home/student/flight_ws/build/aircraft_design' returned '0': PYTHONPATH=/home/student/flight_ws/build/aircraft_design/prefix_override:/usr/lib/python3/dist-packages/colcon_core/task/python/colcon_distutils_commands:/home/student/flight_ws/install/aircraft_design/lib/python3.10/site-packages:${PYTHONPATH} /usr/bin/python3 -W ignore:setup.py install is deprecated -W ignore:easy_install command is deprecated setup.py develop --editable --build-directory /home/student/flight_ws/build/aircraft_design/build --no-deps symlink_data
[1.010s] INFO:colcon.colcon_core.shell:Creating environment descriptor '/home/student/flight_ws/build/aircraft_design/share/aircraft_design/hook/pythonpath_develop.dsv'
[1.010s] INFO:colcon.colcon_core.shell:Creating environment hook '/home/student/flight_ws/build/aircraft_design/share/aircraft_design/hook/pythonpath_develop.sh'
[1.012s] Level 1:colcon.colcon_core.environment:checking '/home/student/flight_ws/install/aircraft_design' for CMake module files
[1.012s] Level 1:colcon.colcon_core.environment:checking '/home/student/flight_ws/install/aircraft_design' for CMake config files
[1.013s] Level 1:colcon.colcon_core.environment:checking '/home/student/flight_ws/install/aircraft_design/lib'
[1.013s] Level 1:colcon.colcon_core.environment:checking '/home/student/flight_ws/install/aircraft_design/bin'
[1.014s] Level 1:colcon.colcon_core.environment:checking '/home/student/flight_ws/install/aircraft_design/lib/pkgconfig/aircraft_design.pc'
[1.014s] Level 1:colcon.colcon_core.environment:checking '/home/student/flight_ws/install/aircraft_design/lib/python3.10/site-packages'
[1.014s] Level 1:colcon.colcon_core.shell:create_environment_hook('aircraft_design', 'pythonpath')
[1.014s] INFO:colcon.colcon_core.shell:Creating environment hook '/home/student/flight_ws/install/aircraft_design/share/aircraft_design/hook/pythonpath.ps1'
[1.015s] INFO:colcon.colcon_core.shell:Creating environment descriptor '/home/student/flight_ws/install/aircraft_design/share/aircraft_design/hook/pythonpath.dsv'
[1.015s] INFO:colcon.colcon_core.shell:Creating environment hook '/home/student/flight_ws/install/aircraft_design/share/aircraft_design/hook/pythonpath.sh'
[1.015s] Level 1:colcon.colcon_core.environment:checking '/home/student/flight_ws/install/aircraft_design/bin'
[1.016s] Level 1:colcon.colcon_core.environment:create_environment_scripts_only(aircraft_design)
[1.016s] INFO:colcon.colcon_core.shell:Creating package script '/home/student/flight_ws/install/aircraft_design/share/aircraft_design/package.ps1'
[1.017s] INFO:colcon.colcon_core.shell:Creating package descriptor '/home/student/flight_ws/install/aircraft_design/share/aircraft_design/package.dsv'
[1.017s] INFO:colcon.colcon_core.shell:Creating package script '/home/student/flight_ws/install/aircraft_design/share/aircraft_design/package.sh'
[1.018s] INFO:colcon.colcon_core.shell:Creating package script '/home/student/flight_ws/install/aircraft_design/share/aircraft_design/package.bash'
[1.018s] INFO:colcon.colcon_core.shell:Creating package script '/home/student/flight_ws/install/aircraft_design/share/aircraft_design/package.zsh'
[1.019s] Level 1:colcon.colcon_core.environment:create_file_with_runtime_dependencies(/home/student/flight_ws/install/aircraft_design/share/colcon-core/packages/aircraft_design)
[1.019s] DEBUG:colcon.colcon_parallel_executor.executor.parallel:closing loop
[1.020s] DEBUG:colcon.colcon_parallel_executor.executor.parallel:loop closed
[1.021s] DEBUG:colcon.colcon_parallel_executor.executor.parallel:run_until_complete finished with '0'
[1.021s] DEBUG:colcon.colcon_core.event_reactor:joining thread
[1.025s] INFO:colcon.colcon_core.plugin_system:Skipping extension 'colcon_notification.desktop_notification.terminal_notifier': Not used on non-Darwin systems
[1.025s] INFO:colcon.colcon_core.plugin_system:Skipping extension 'colcon_notification.desktop_notification.win32': Not used on non-Windows systems
[1.025s] INFO:colcon.colcon_notification.desktop_notification:Sending desktop notification using 'notify2'
[1.037s] DEBUG:colcon.colcon_core.event_reactor:joined thread
[1.037s] INFO:colcon.colcon_core.shell:Creating prefix script '/home/student/flight_ws/install/local_setup.ps1'
[1.038s] INFO:colcon.colcon_core.shell:Creating prefix util module '/home/student/flight_ws/install/_local_setup_util_ps1.py'
[1.039s] INFO:colcon.colcon_core.shell:Creating prefix chain script '/home/student/flight_ws/install/setup.ps1'
[1.040s] INFO:colcon.colcon_core.shell:Creating prefix script '/home/student/flight_ws/install/local_setup.sh'
[1.040s] INFO:colcon.colcon_core.shell:Creating prefix util module '/home/student/flight_ws/install/_local_setup_util_sh.py'
[1.041s] INFO:colcon.colcon_core.shell:Creating prefix chain script '/home/student/flight_ws/install/setup.sh'
[1.042s] INFO:colcon.colcon_core.shell:Creating prefix script '/home/student/flight_ws/install/local_setup.bash'
[1.042s] INFO:colcon.colcon_core.shell:Creating prefix chain script '/home/student/flight_ws/install/setup.bash'
[1.043s] INFO:colcon.colcon_core.shell:Creating prefix script '/home/student/flight_ws/install/local_setup.zsh'
[1.043s] INFO:colcon.colcon_core.shell:Creating prefix chain script '/home/student/flight_ws/install/setup.zsh'
