[0.341s] Invoking command in '/home/student/flight_ws/src/aircraft_design': PYTHONPATH=/home/student/flight_ws/build/aircraft_design/prefix_override:/usr/lib/python3/dist-packages/colcon_core/task/python/colcon_distutils_commands:/home/student/flight_ws/install/aircraft_design/lib/python3.10/site-packages:${PYTHONPATH} /usr/bin/python3 -W ignore:setup.py install is deprecated -W ignore:easy_install command is deprecated setup.py egg_info --egg-base ../../build/aircraft_design build --build-base /home/student/flight_ws/build/aircraft_design/build install --record /home/student/flight_ws/build/aircraft_design/install.log --single-version-externally-managed install_data
[0.491s] running egg_info
[0.491s] creating ../../build/aircraft_design/aircraft_design.egg-info
[0.492s] writing ../../build/aircraft_design/aircraft_design.egg-info/PKG-INFO
[0.492s] writing dependency_links to ../../build/aircraft_design/aircraft_design.egg-info/dependency_links.txt
[0.492s] writing entry points to ../../build/aircraft_design/aircraft_design.egg-info/entry_points.txt
[0.492s] writing requirements to ../../build/aircraft_design/aircraft_design.egg-info/requires.txt
[0.492s] writing top-level names to ../../build/aircraft_design/aircraft_design.egg-info/top_level.txt
[0.492s] writing manifest file '../../build/aircraft_design/aircraft_design.egg-info/SOURCES.txt'
[0.494s] reading manifest file '../../build/aircraft_design/aircraft_design.egg-info/SOURCES.txt'
[0.495s] writing manifest file '../../build/aircraft_design/aircraft_design.egg-info/SOURCES.txt'
[0.495s] running build
[0.495s] running build_py
[0.495s] creating /home/student/flight_ws/build/aircraft_design/build
[0.495s] creating /home/student/flight_ws/build/aircraft_design/build/lib
[0.495s] creating /home/student/flight_ws/build/aircraft_design/build/lib/aircraft_design
[0.495s] copying aircraft_design/swept_path_mapper.py -> /home/student/flight_ws/build/aircraft_design/build/lib/aircraft_design
[0.495s] copying aircraft_design/csv_trajectory_player.py -> /home/student/flight_ws/build/aircraft_design/build/lib/aircraft_design
[0.496s] copying aircraft_design/dynamic_pushback_planner.py -> /home/student/flight_ws/build/aircraft_design/build/lib/aircraft_design
[0.496s] copying aircraft_design/hangar_dynamic_planner.py -> /home/student/flight_ws/build/aircraft_design/build/lib/aircraft_design
[0.496s] copying aircraft_design/path_publisher.py -> /home/student/flight_ws/build/aircraft_design/build/lib/aircraft_design
[0.496s] copying aircraft_design/__init__.py -> /home/student/flight_ws/build/aircraft_design/build/lib/aircraft_design
[0.496s] copying aircraft_design/dynamic2_pushback_planner.py -> /home/student/flight_ws/build/aircraft_design/build/lib/aircraft_design
[0.496s] copying aircraft_design/trajectory_player.py -> /home/student/flight_ws/build/aircraft_design/build/lib/aircraft_design
[0.496s] copying aircraft_design/dynamic1_pushback_planner.py -> /home/student/flight_ws/build/aircraft_design/build/lib/aircraft_design
[0.496s] copying aircraft_design/hangar_map_publisher.py -> /home/student/flight_ws/build/aircraft_design/build/lib/aircraft_design
[0.497s] creating /home/student/flight_ws/build/aircraft_design/build/lib/aircraft_design/physics_engine
[0.497s] copying aircraft_design/physics_engine/simulation_inputs.py -> /home/student/flight_ws/build/aircraft_design/build/lib/aircraft_design/physics_engine
[0.500s] copying aircraft_design/physics_engine/center_of_gravity_calculation.py -> /home/student/flight_ws/build/aircraft_design/build/lib/aircraft_design/physics_engine
[0.500s] copying aircraft_design/physics_engine/__init__.py -> /home/student/flight_ws/build/aircraft_design/build/lib/aircraft_design/physics_engine
[0.500s] copying aircraft_design/physics_engine/load_parameters.py -> /home/student/flight_ws/build/aircraft_design/build/lib/aircraft_design/physics_engine
[0.500s] copying aircraft_design/physics_engine/bolzern_common.py -> /home/student/flight_ws/build/aircraft_design/build/lib/aircraft_design/physics_engine
[0.500s] copying aircraft_design/physics_engine/vehicle_dynamics_bolzern.py -> /home/student/flight_ws/build/aircraft_design/build/lib/aircraft_design/physics_engine
[0.500s] creating /home/student/flight_ws/build/aircraft_design/build/lib/aircraft_design/physics_engine/utils
[0.500s] copying aircraft_design/physics_engine/utils/acceleration_constraints.py -> /home/student/flight_ws/build/aircraft_design/build/lib/aircraft_design/physics_engine/utils
[0.501s] copying aircraft_design/physics_engine/utils/steering_constraints.py -> /home/student/flight_ws/build/aircraft_design/build/lib/aircraft_design/physics_engine/utils
[0.501s] copying aircraft_design/physics_engine/utils/__init__.py -> /home/student/flight_ws/build/aircraft_design/build/lib/aircraft_design/physics_engine/utils
[0.501s] running install
[0.501s] running install_lib
[0.501s] creating /home/student/flight_ws/install/aircraft_design/lib/python3.10/site-packages/aircraft_design
[0.501s] copying /home/student/flight_ws/build/aircraft_design/build/lib/aircraft_design/swept_path_mapper.py -> /home/student/flight_ws/install/aircraft_design/lib/python3.10/site-packages/aircraft_design
[0.501s] copying /home/student/flight_ws/build/aircraft_design/build/lib/aircraft_design/csv_trajectory_player.py -> /home/student/flight_ws/install/aircraft_design/lib/python3.10/site-packages/aircraft_design
[0.501s] copying /home/student/flight_ws/build/aircraft_design/build/lib/aircraft_design/dynamic_pushback_planner.py -> /home/student/flight_ws/install/aircraft_design/lib/python3.10/site-packages/aircraft_design
[0.502s] copying /home/student/flight_ws/build/aircraft_design/build/lib/aircraft_design/hangar_dynamic_planner.py -> /home/student/flight_ws/install/aircraft_design/lib/python3.10/site-packages/aircraft_design
[0.502s] copying /home/student/flight_ws/build/aircraft_design/build/lib/aircraft_design/path_publisher.py -> /home/student/flight_ws/install/aircraft_design/lib/python3.10/site-packages/aircraft_design
[0.502s] copying /home/student/flight_ws/build/aircraft_design/build/lib/aircraft_design/__init__.py -> /home/student/flight_ws/install/aircraft_design/lib/python3.10/site-packages/aircraft_design
[0.502s] creating /home/student/flight_ws/install/aircraft_design/lib/python3.10/site-packages/aircraft_design/physics_engine
[0.502s] creating /home/student/flight_ws/install/aircraft_design/lib/python3.10/site-packages/aircraft_design/physics_engine/utils
[0.502s] copying /home/student/flight_ws/build/aircraft_design/build/lib/aircraft_design/physics_engine/utils/acceleration_constraints.py -> /home/student/flight_ws/install/aircraft_design/lib/python3.10/site-packages/aircraft_design/physics_engine/utils
[0.502s] copying /home/student/flight_ws/build/aircraft_design/build/lib/aircraft_design/physics_engine/utils/steering_constraints.py -> /home/student/flight_ws/install/aircraft_design/lib/python3.10/site-packages/aircraft_design/physics_engine/utils
[0.502s] copying /home/student/flight_ws/build/aircraft_design/build/lib/aircraft_design/physics_engine/utils/__init__.py -> /home/student/flight_ws/install/aircraft_design/lib/python3.10/site-packages/aircraft_design/physics_engine/utils
[0.502s] copying /home/student/flight_ws/build/aircraft_design/build/lib/aircraft_design/physics_engine/simulation_inputs.py -> /home/student/flight_ws/install/aircraft_design/lib/python3.10/site-packages/aircraft_design/physics_engine
[0.502s] copying /home/student/flight_ws/build/aircraft_design/build/lib/aircraft_design/physics_engine/center_of_gravity_calculation.py -> /home/student/flight_ws/install/aircraft_design/lib/python3.10/site-packages/aircraft_design/physics_engine
[0.502s] copying /home/student/flight_ws/build/aircraft_design/build/lib/aircraft_design/physics_engine/__init__.py -> /home/student/flight_ws/install/aircraft_design/lib/python3.10/site-packages/aircraft_design/physics_engine
[0.502s] copying /home/student/flight_ws/build/aircraft_design/build/lib/aircraft_design/physics_engine/load_parameters.py -> /home/student/flight_ws/install/aircraft_design/lib/python3.10/site-packages/aircraft_design/physics_engine
[0.502s] copying /home/student/flight_ws/build/aircraft_design/build/lib/aircraft_design/physics_engine/bolzern_common.py -> /home/student/flight_ws/install/aircraft_design/lib/python3.10/site-packages/aircraft_design/physics_engine
[0.502s] copying /home/student/flight_ws/build/aircraft_design/build/lib/aircraft_design/physics_engine/vehicle_dynamics_bolzern.py -> /home/student/flight_ws/install/aircraft_design/lib/python3.10/site-packages/aircraft_design/physics_engine
[0.503s] copying /home/student/flight_ws/build/aircraft_design/build/lib/aircraft_design/dynamic2_pushback_planner.py -> /home/student/flight_ws/install/aircraft_design/lib/python3.10/site-packages/aircraft_design
[0.503s] copying /home/student/flight_ws/build/aircraft_design/build/lib/aircraft_design/trajectory_player.py -> /home/student/flight_ws/install/aircraft_design/lib/python3.10/site-packages/aircraft_design
[0.506s] copying /home/student/flight_ws/build/aircraft_design/build/lib/aircraft_design/dynamic1_pushback_planner.py -> /home/student/flight_ws/install/aircraft_design/lib/python3.10/site-packages/aircraft_design
[0.506s] copying /home/student/flight_ws/build/aircraft_design/build/lib/aircraft_design/hangar_map_publisher.py -> /home/student/flight_ws/install/aircraft_design/lib/python3.10/site-packages/aircraft_design
[0.506s] byte-compiling /home/student/flight_ws/install/aircraft_design/lib/python3.10/site-packages/aircraft_design/swept_path_mapper.py to swept_path_mapper.cpython-310.pyc
[0.506s] byte-compiling /home/student/flight_ws/install/aircraft_design/lib/python3.10/site-packages/aircraft_design/csv_trajectory_player.py to csv_trajectory_player.cpython-310.pyc
[0.506s] byte-compiling /home/student/flight_ws/install/aircraft_design/lib/python3.10/site-packages/aircraft_design/dynamic_pushback_planner.py to dynamic_pushback_planner.cpython-310.pyc
[0.506s] byte-compiling /home/student/flight_ws/install/aircraft_design/lib/python3.10/site-packages/aircraft_design/hangar_dynamic_planner.py to hangar_dynamic_planner.cpython-310.pyc
[0.506s] byte-compiling /home/student/flight_ws/install/aircraft_design/lib/python3.10/site-packages/aircraft_design/path_publisher.py to path_publisher.cpython-310.pyc
[0.508s] byte-compiling /home/student/flight_ws/install/aircraft_design/lib/python3.10/site-packages/aircraft_design/__init__.py to __init__.cpython-310.pyc
[0.508s] byte-compiling /home/student/flight_ws/install/aircraft_design/lib/python3.10/site-packages/aircraft_design/physics_engine/utils/acceleration_constraints.py to acceleration_constraints.cpython-310.pyc
[0.508s] byte-compiling /home/student/flight_ws/install/aircraft_design/lib/python3.10/site-packages/aircraft_design/physics_engine/utils/steering_constraints.py to steering_constraints.cpython-310.pyc
[0.508s] byte-compiling /home/student/flight_ws/install/aircraft_design/lib/python3.10/site-packages/aircraft_design/physics_engine/utils/__init__.py to __init__.cpython-310.pyc
[0.508s] byte-compiling /home/student/flight_ws/install/aircraft_design/lib/python3.10/site-packages/aircraft_design/physics_engine/simulation_inputs.py to simulation_inputs.cpython-310.pyc
[0.509s] byte-compiling /home/student/flight_ws/install/aircraft_design/lib/python3.10/site-packages/aircraft_design/physics_engine/center_of_gravity_calculation.py to center_of_gravity_calculation.cpython-310.pyc
[0.509s] byte-compiling /home/student/flight_ws/install/aircraft_design/lib/python3.10/site-packages/aircraft_design/physics_engine/__init__.py to __init__.cpython-310.pyc
[0.509s] byte-compiling /home/student/flight_ws/install/aircraft_design/lib/python3.10/site-packages/aircraft_design/physics_engine/load_parameters.py to load_parameters.cpython-310.pyc
[0.509s] byte-compiling /home/student/flight_ws/install/aircraft_design/lib/python3.10/site-packages/aircraft_design/physics_engine/bolzern_common.py to bolzern_common.cpython-310.pyc
[0.509s] byte-compiling /home/student/flight_ws/install/aircraft_design/lib/python3.10/site-packages/aircraft_design/physics_engine/vehicle_dynamics_bolzern.py to vehicle_dynamics_bolzern.cpython-310.pyc
[0.510s] byte-compiling /home/student/flight_ws/install/aircraft_design/lib/python3.10/site-packages/aircraft_design/dynamic2_pushback_planner.py to dynamic2_pushback_planner.cpython-310.pyc
[0.511s] byte-compiling /home/student/flight_ws/install/aircraft_design/lib/python3.10/site-packages/aircraft_design/trajectory_player.py to trajectory_player.cpython-310.pyc
[0.511s] byte-compiling /home/student/flight_ws/install/aircraft_design/lib/python3.10/site-packages/aircraft_design/dynamic1_pushback_planner.py to dynamic1_pushback_planner.cpython-310.pyc
[0.512s] byte-compiling /home/student/flight_ws/install/aircraft_design/lib/python3.10/site-packages/aircraft_design/hangar_map_publisher.py to hangar_map_publisher.cpython-310.pyc
[0.513s] running install_data
[0.513s] creating /home/student/flight_ws/install/aircraft_design/share/ament_index
[0.513s] creating /home/student/flight_ws/install/aircraft_design/share/ament_index/resource_index
[0.513s] creating /home/student/flight_ws/install/aircraft_design/share/ament_index/resource_index/packages
[0.516s] copying resource/aircraft_design -> /home/student/flight_ws/install/aircraft_design/share/ament_index/resource_index/packages
[0.516s] copying package.xml -> /home/student/flight_ws/install/aircraft_design/share/aircraft_design
[0.516s] creating /home/student/flight_ws/install/aircraft_design/share/aircraft_design/launch
[0.516s] copying launch/display_dynamic.launch.py -> /home/student/flight_ws/install/aircraft_design/share/aircraft_design/launch
[0.516s] copying launch/display_planner.launch.py -> /home/student/flight_ws/install/aircraft_design/share/aircraft_design/launch
[0.516s] copying launch/display_aircraft.launch.py -> /home/student/flight_ws/install/aircraft_design/share/aircraft_design/launch
[0.516s] copying launch/display_tug.launch.py -> /home/student/flight_ws/install/aircraft_design/share/aircraft_design/launch
[0.516s] copying launch/hangar_simulation.launch.py -> /home/student/flight_ws/install/aircraft_design/share/aircraft_design/launch
[0.516s] copying launch/hangar_dynamic.launch.py -> /home/student/flight_ws/install/aircraft_design/share/aircraft_design/launch
[0.516s] copying launch/display_system.launch.py -> /home/student/flight_ws/install/aircraft_design/share/aircraft_design/launch
[0.516s] creating /home/student/flight_ws/install/aircraft_design/share/aircraft_design/urdf
[0.517s] copying urdf/tug.urdf -> /home/student/flight_ws/install/aircraft_design/share/aircraft_design/urdf
[0.517s] copying urdf/airplane.urdf -> /home/student/flight_ws/install/aircraft_design/share/aircraft_design/urdf
[0.517s] creating /home/student/flight_ws/install/aircraft_design/share/aircraft_design/rviz
[0.517s] copying rviz/config.rviz -> /home/student/flight_ws/install/aircraft_design/share/aircraft_design/rviz
[0.517s] creating /home/student/flight_ws/install/aircraft_design/share/aircraft_design/data
[0.517s] copying data/generate_csv.py -> /home/student/flight_ws/install/aircraft_design/share/aircraft_design/data
[0.517s] copying data/generated_dynamic_Right_Turn.csv -> /home/student/flight_ws/install/aircraft_design/share/aircraft_design/data
[0.517s] copying data/kinematic_Right Turn_MAC_16.5_Nose_Heavy.csv -> /home/student/flight_ws/install/aircraft_design/share/aircraft_design/data
[0.517s] copying data/hangar_dynamic_Right_Turn.csv -> /home/student/flight_ws/install/aircraft_design/share/aircraft_design/data
[0.517s] copying data/dynamic_pushback_log.csv -> /home/student/flight_ws/install/aircraft_design/share/aircraft_design/data
[0.517s] copying data/towing_path_halle_straight_expand_new.csv -> /home/student/flight_ws/install/aircraft_design/share/aircraft_design/data
[0.518s] copying data/towing_path_halle_turn_expand_new.csv -> /home/student/flight_ws/install/aircraft_design/share/aircraft_design/data
[0.518s] copying data/example_trajectory.csv -> /home/student/flight_ws/install/aircraft_design/share/aircraft_design/data
[0.518s] creating /home/student/flight_ws/install/aircraft_design/share/aircraft_design/parameters
[0.518s] copying parameters/TF6_parameters.json -> /home/student/flight_ws/install/aircraft_design/share/aircraft_design/parameters
[0.519s] copying parameters/ATR42_300_parameters.json -> /home/student/flight_ws/install/aircraft_design/share/aircraft_design/parameters
[0.519s] creating /home/student/flight_ws/install/aircraft_design/share/aircraft_design/maps
[0.519s] copying maps/airport_map.png -> /home/student/flight_ws/install/aircraft_design/share/aircraft_design/maps
[0.519s] copying maps/test_turn_map.yaml -> /home/student/flight_ws/install/aircraft_design/share/aircraft_design/maps
[0.519s] copying maps/halle_straight_map.png -> /home/student/flight_ws/install/aircraft_design/share/aircraft_design/maps
[0.519s] copying maps/swept_path_map.png -> /home/student/flight_ws/install/aircraft_design/share/aircraft_design/maps
[0.519s] copying maps/halle_straight_map.yaml -> /home/student/flight_ws/install/aircraft_design/share/aircraft_design/maps
[0.519s] copying maps/airport_map.yaml -> /home/student/flight_ws/install/aircraft_design/share/aircraft_design/maps
[0.519s] copying maps/swept_path_map.yaml -> /home/student/flight_ws/install/aircraft_design/share/aircraft_design/maps
[0.519s] copying maps/test_turn_map.png -> /home/student/flight_ws/install/aircraft_design/share/aircraft_design/maps
[0.519s] creating /home/student/flight_ws/install/aircraft_design/share/aircraft_design/meshes
[0.519s] copying meshes/right_mlg.stl -> /home/student/flight_ws/install/aircraft_design/share/aircraft_design/meshes
[0.519s] copying meshes/nose_wheel.stl -> /home/student/flight_ws/install/aircraft_design/share/aircraft_design/meshes
[0.519s] copying meshes/hd1901.glb -> /home/student/flight_ws/install/aircraft_design/share/aircraft_design/meshes
[0.521s] copying meshes/atr423.stl -> /home/student/flight_ws/install/aircraft_design/share/aircraft_design/meshes
[0.523s] copying meshes/left_mlg.stl -> /home/student/flight_ws/install/aircraft_design/share/aircraft_design/meshes
[0.524s] copying meshes/fuselage.stl -> /home/student/flight_ws/install/aircraft_design/share/aircraft_design/meshes
[0.524s] copying meshes/main_wing.stl -> /home/student/flight_ws/install/aircraft_design/share/aircraft_design/meshes
[0.540s] running install_egg_info
[0.542s] Copying ../../build/aircraft_design/aircraft_design.egg-info to /home/student/flight_ws/install/aircraft_design/lib/python3.10/site-packages/aircraft_design-0.0.0-py3.10.egg-info
[0.542s] running install_scripts
[0.556s] Installing csv_trajectory_player script to /home/student/flight_ws/install/aircraft_design/lib/aircraft_design
[0.557s] Installing dynamic1_pushback_planner script to /home/student/flight_ws/install/aircraft_design/lib/aircraft_design
[0.557s] Installing dynamic2_pushback_planner script to /home/student/flight_ws/install/aircraft_design/lib/aircraft_design
[0.557s] Installing dynamic_hangar_driver script to /home/student/flight_ws/install/aircraft_design/lib/aircraft_design
[0.557s] Installing dynamic_pushback_planner script to /home/student/flight_ws/install/aircraft_design/lib/aircraft_design
[0.557s] Installing hangar_dynamic_planner script to /home/student/flight_ws/install/aircraft_design/lib/aircraft_design
[0.557s] Installing hangar_map_publisher script to /home/student/flight_ws/install/aircraft_design/lib/aircraft_design
[0.557s] Installing path_publisher script to /home/student/flight_ws/install/aircraft_design/lib/aircraft_design
[0.557s] Installing simulation_inputs script to /home/student/flight_ws/install/aircraft_design/lib/aircraft_design
[0.557s] Installing swept_path_mapper script to /home/student/flight_ws/install/aircraft_design/lib/aircraft_design
[0.557s] Installing trajectory_player script to /home/student/flight_ws/install/aircraft_design/lib/aircraft_design
[0.558s] writing list of installed files to '/home/student/flight_ws/build/aircraft_design/install.log'
[0.572s] Invoked command in '/home/student/flight_ws/src/aircraft_design' returned '0': PYTHONPATH=/home/student/flight_ws/build/aircraft_design/prefix_override:/usr/lib/python3/dist-packages/colcon_core/task/python/colcon_distutils_commands:/home/student/flight_ws/install/aircraft_design/lib/python3.10/site-packages:${PYTHONPATH} /usr/bin/python3 -W ignore:setup.py install is deprecated -W ignore:easy_install command is deprecated setup.py egg_info --egg-base ../../build/aircraft_design build --build-base /home/student/flight_ws/build/aircraft_design/build install --record /home/student/flight_ws/build/aircraft_design/install.log --single-version-externally-managed install_data
