[0.580s] Invoking command in '/home/student/flight_ws/build/aircraft_design': PYTHONPATH=/home/student/flight_ws/build/aircraft_design/prefix_override:/usr/lib/python3/dist-packages/colcon_core/task/python/colcon_distutils_commands:/home/student/flight_ws/install/aircraft_design/lib/python3.10/site-packages:${PYTHONPATH} /usr/bin/python3 -W ignore:setup.py install is deprecated -W ignore:easy_install command is deprecated setup.py develop --editable --build-directory /home/student/flight_ws/build/aircraft_design/build --no-deps symlink_data
[0.744s] running develop
[0.832s] running egg_info
[0.832s] writing aircraft_design.egg-info/PKG-INFO
[0.833s] writing dependency_links to aircraft_design.egg-info/dependency_links.txt
[0.833s] writing entry points to aircraft_design.egg-info/entry_points.txt
[0.834s] writing requirements to aircraft_design.egg-info/requires.txt
[0.834s] writing top-level names to aircraft_design.egg-info/top_level.txt
[0.838s] reading manifest file 'aircraft_design.egg-info/SOURCES.txt'
[0.838s] writing manifest file 'aircraft_design.egg-info/SOURCES.txt'
[0.839s] running build_ext
[0.839s] Creating /home/student/flight_ws/install/aircraft_design/lib/python3.10/site-packages/aircraft-design.egg-link (link to .)
[0.840s] Installing csv_trajectory_player script to /home/student/flight_ws/install/aircraft_design/lib/aircraft_design
[0.840s] Installing dynamic1_pushback_planner script to /home/student/flight_ws/install/aircraft_design/lib/aircraft_design
[0.840s] Installing dynamic2_pushback_planner script to /home/student/flight_ws/install/aircraft_design/lib/aircraft_design
[0.841s] Installing dynamic_hangar_driver script to /home/student/flight_ws/install/aircraft_design/lib/aircraft_design
[0.841s] Installing dynamic_pushback_planner script to /home/student/flight_ws/install/aircraft_design/lib/aircraft_design
[0.841s] Installing hangar_dynamic_planner script to /home/student/flight_ws/install/aircraft_design/lib/aircraft_design
[0.841s] Installing hangar_map_publisher script to /home/student/flight_ws/install/aircraft_design/lib/aircraft_design
[0.841s] Installing path_publisher script to /home/student/flight_ws/install/aircraft_design/lib/aircraft_design
[0.841s] Installing simulation_inputs script to /home/student/flight_ws/install/aircraft_design/lib/aircraft_design
[0.841s] Installing swept_path_mapper script to /home/student/flight_ws/install/aircraft_design/lib/aircraft_design
[0.842s] Installing trajectory_player script to /home/student/flight_ws/install/aircraft_design/lib/aircraft_design
[0.842s] Installing tug_trajectory_player script to /home/student/flight_ws/install/aircraft_design/lib/aircraft_design
[0.842s] 
[0.842s] Installed /home/student/flight_ws/build/aircraft_design
[0.842s] running symlink_data
[0.862s] Invoked command in '/home/student/flight_ws/build/aircraft_design' returned '0': PYTHONPATH=/home/student/flight_ws/build/aircraft_design/prefix_override:/usr/lib/python3/dist-packages/colcon_core/task/python/colcon_distutils_commands:/home/student/flight_ws/install/aircraft_design/lib/python3.10/site-packages:${PYTHONPATH} /usr/bin/python3 -W ignore:setup.py install is deprecated -W ignore:easy_install command is deprecated setup.py develop --editable --build-directory /home/student/flight_ws/build/aircraft_design/build --no-deps symlink_data
